c:\users\chirs\documents\ic2\unturned\israeliclient 2.0\19\thirdparty\imgui\examples\example_win32_directx11\release\vc143.pdb
c:\users\chirs\documents\ic2\unturned\israeliclient 2.0\19\thirdparty\imgui\examples\example_win32_directx11\release\gui.obj
c:\users\chirs\documents\ic2\unturned\israeliclient 2.0\19\thirdparty\imgui\examples\example_win32_directx11\release\text_editor.obj
c:\users\chirs\documents\ic2\unturned\israeliclient 2.0\19\thirdparty\imgui\examples\example_win32_directx11\release\textfield.obj
c:\users\chirs\documents\ic2\unturned\israeliclient 2.0\19\thirdparty\imgui\examples\example_win32_directx11\release\selection.obj
c:\users\chirs\documents\ic2\unturned\israeliclient 2.0\19\thirdparty\imgui\examples\example_win32_directx11\release\notifications.obj
c:\users\chirs\documents\ic2\unturned\israeliclient 2.0\19\thirdparty\imgui\examples\example_win32_directx11\release\lua.obj
c:\users\chirs\documents\ic2\unturned\israeliclient 2.0\19\thirdparty\imgui\examples\example_win32_directx11\release\keybind.obj
c:\users\chirs\documents\ic2\unturned\israeliclient 2.0\19\thirdparty\imgui\examples\example_win32_directx11\release\esp_preview.obj
c:\users\chirs\documents\ic2\unturned\israeliclient 2.0\19\thirdparty\imgui\examples\example_win32_directx11\release\dropdown.obj
c:\users\chirs\documents\ic2\unturned\israeliclient 2.0\19\thirdparty\imgui\examples\example_win32_directx11\release\drag_slider.obj
c:\users\chirs\documents\ic2\unturned\israeliclient 2.0\19\thirdparty\imgui\examples\example_win32_directx11\release\custom_draw.obj
c:\users\chirs\documents\ic2\unturned\israeliclient 2.0\19\thirdparty\imgui\examples\example_win32_directx11\release\config.obj
c:\users\chirs\documents\ic2\unturned\israeliclient 2.0\19\thirdparty\imgui\examples\example_win32_directx11\release\color_picker.obj
c:\users\chirs\documents\ic2\unturned\israeliclient 2.0\19\thirdparty\imgui\examples\example_win32_directx11\release\checkbox.obj
c:\users\chirs\documents\ic2\unturned\israeliclient 2.0\19\thirdparty\imgui\examples\example_win32_directx11\release\button.obj
c:\users\chirs\documents\ic2\unturned\israeliclient 2.0\19\thirdparty\imgui\examples\example_win32_directx11\release\begin_child.obj
c:\users\chirs\documents\ic2\unturned\israeliclient 2.0\19\thirdparty\imgui\examples\example_win32_directx11\release\begin.obj
c:\users\chirs\documents\ic2\unturned\israeliclient 2.0\19\thirdparty\imgui\examples\example_win32_directx11\release\base_elements.obj
c:\users\chirs\documents\ic2\unturned\israeliclient 2.0\19\thirdparty\imgui\examples\example_win32_directx11\release\texture_loader.obj
c:\users\chirs\documents\ic2\unturned\israeliclient 2.0\19\thirdparty\imgui\examples\example_win32_directx11\release\imgui_freetype.obj
c:\users\chirs\documents\ic2\unturned\israeliclient 2.0\19\thirdparty\imgui\examples\example_win32_directx11\release\main.obj
c:\users\chirs\documents\ic2\unturned\israeliclient 2.0\19\thirdparty\imgui\examples\example_win32_directx11\release\imgui_impl_win32.obj
c:\users\chirs\documents\ic2\unturned\israeliclient 2.0\19\thirdparty\imgui\examples\example_win32_directx11\release\imgui_impl_dx11.obj
c:\users\chirs\documents\ic2\unturned\israeliclient 2.0\19\thirdparty\imgui\examples\example_win32_directx11\release\imgui_widgets.obj
c:\users\chirs\documents\ic2\unturned\israeliclient 2.0\19\thirdparty\imgui\examples\example_win32_directx11\release\imgui_tables.obj
c:\users\chirs\documents\ic2\unturned\israeliclient 2.0\19\thirdparty\imgui\examples\example_win32_directx11\release\imgui_draw.obj
c:\users\chirs\documents\ic2\unturned\israeliclient 2.0\19\thirdparty\imgui\examples\example_win32_directx11\release\imgui.obj
c:\users\chirs\documents\ic2\unturned\israeliclient 2.0\19\thirdparty\imgui\examples\example_win32_directx11\release\hde64.obj
c:\users\chirs\documents\ic2\unturned\israeliclient 2.0\19\thirdparty\imgui\examples\example_win32_directx11\release\trampoline.obj
c:\users\chirs\documents\ic2\unturned\israeliclient 2.0\19\thirdparty\imgui\examples\example_win32_directx11\release\buffer.obj
c:\users\chirs\documents\ic2\unturned\israeliclient 2.0\19\thirdparty\imgui\examples\example_win32_directx11\release\hook.obj
c:\users\chirs\documents\ic2\unturned\israeliclient 2.0\19\thirdparty\imgui\examples\example_win32_directx11\release\example_win32_directx11.dll
c:\users\chirs\documents\ic2\unturned\israeliclient 2.0\19\thirdparty\imgui\examples\example_win32_directx11\release\example_win32_directx11.pdb
c:\users\chirs\documents\ic2\unturned\israeliclient 2.0\19\thirdparty\imgui\examples\example_win32_directx11\release\example_win32_directx11.vcxproj.filelistabsolute.txt
c:\users\chirs\documents\ic2\unturned\israeliclient 2.0\19\thirdparty\imgui\examples\example_win32_directx11\release\example_.9f316e83.tlog\cl.command.1.tlog
c:\users\chirs\documents\ic2\unturned\israeliclient 2.0\19\thirdparty\imgui\examples\example_win32_directx11\release\example_.9f316e83.tlog\cl.items.tlog
c:\users\chirs\documents\ic2\unturned\israeliclient 2.0\19\thirdparty\imgui\examples\example_win32_directx11\release\example_.9f316e83.tlog\cl.read.1.tlog
c:\users\chirs\documents\ic2\unturned\israeliclient 2.0\19\thirdparty\imgui\examples\example_win32_directx11\release\example_.9f316e83.tlog\cl.write.1.tlog
c:\users\chirs\documents\ic2\unturned\israeliclient 2.0\19\thirdparty\imgui\examples\example_win32_directx11\release\example_.9f316e83.tlog\link.command.1.tlog
c:\users\chirs\documents\ic2\unturned\israeliclient 2.0\19\thirdparty\imgui\examples\example_win32_directx11\release\example_.9f316e83.tlog\link.read.1.tlog
c:\users\chirs\documents\ic2\unturned\israeliclient 2.0\19\thirdparty\imgui\examples\example_win32_directx11\release\example_.9f316e83.tlog\link.secondary.1.tlog
c:\users\chirs\documents\ic2\unturned\israeliclient 2.0\19\thirdparty\imgui\examples\example_win32_directx11\release\example_.9f316e83.tlog\link.write.1.tlog
