 HamasClient

 Timestamp is 6aa883df (Mon Sep 14 16:31:43 2026)

 Preferred load address is 0000000140000000

 Start         Length     Name                   Class
 0001:00000000 000000a0H .text$di                CODE
 0001:000000a0 00073050H .text$mn                CODE
 0001:000730f0 00000040H .text$mn$00             CODE
 0001:00073130 00000d30H .text$x                 CODE
 0001:00073e60 000001b1H .text$yd                CODE
 0002:00000000 000009c8H .idata$5                DATA
 0002:000009c8 00000038H .00cfg                  DATA
 0002:00000a00 00000008H .CRT$XCA                DATA
 0002:00000a08 00000008H .CRT$XCAA               DATA
 0002:00000a10 00000008H .CRT$XCL                DATA
 0002:00000a18 00000030H .CRT$XCU                DATA
 0002:00000a48 00000008H .CRT$XCZ                DATA
 0002:00000a50 00000008H .CRT$XIA                DATA
 0002:00000a58 00000008H .CRT$XIAA               DATA
 0002:00000a60 00000008H .CRT$XIAC               DATA
 0002:00000a68 00000008H .CRT$XIZ                DATA
 0002:00000a70 00000008H .CRT$XLA                DATA
 0002:00000a78 00000008H .CRT$XLZ                DATA
 0002:00000a80 00000008H .CRT$XPA                DATA
 0002:00000a88 00000008H .CRT$XPZ                DATA
 0002:00000a90 00000008H .CRT$XTA                DATA
 0002:00000a98 00000008H .CRT$XTZ                DATA
 0002:00000aa0 00000000H .gehcont$y              DATA
 0002:00000aa0 00000000H .gfids$y                DATA
 0002:00000aa0 000100e0H .rdata                  DATA
 0002:00010b80 00000000H .rdata$CastGuardVftablesA DATA
 0002:00010b80 00000000H .rdata$CastGuardVftablesC DATA
 0002:00010b80 00000028H .rdata$T                DATA
 0002:00010ba8 000005ecH .rdata$r                DATA
 0002:00011194 0000007cH .rdata$voltmd           DATA
 0002:00011210 00000390H .rdata$zzzdbg           DATA
 0002:000115a0 00000008H .rtc$IAA                DATA
 0002:000115a8 00000008H .rtc$IZZ                DATA
 0002:000115b0 00000008H .rtc$TAA                DATA
 0002:000115b8 00000008H .rtc$TZZ                DATA
 0002:000115c0 00000008H .tls                    DATA
 0002:000115c8 00000024H .tls$                   DATA
 0002:000115ec 00000004H .tls$ZZZ                DATA
 0002:000115f0 000081d8H .xdata                  DATA
 0002:000197c8 0000014cH .xdata$x                DATA
 0002:00019914 00000000H .edata                  DATA
 0002:00019914 0000021cH .idata$2                DATA
 0002:00019b30 00000018H .idata$3                DATA
 0002:00019b48 000009c8H .idata$4                DATA
 0002:0001a510 00001deaH .idata$6                DATA
 0003:00000000 00000208H .data                   DATA
 0003:00000208 000000a8H .data$r                 DATA
 0003:000002b0 000001f0H .data$rs                DATA
 0003:000004a0 00009590H .bss                    DATA
 0004:00000000 000054c0H .pdata                  DATA
 0005:00000000 00000460H .rsrc$01                DATA
 0005:00000460 00ab5ee0H .rsrc$02                DATA

  Address         Publics by Value              Rva+Base               Lib:Object

 0000:00000000       __AbsoluteZero             0000000000000000     <absolute>
 0000:00000000       ___safe_se_handler_count   0000000000000000     <absolute>
 0000:00000000       ___safe_se_handler_table   0000000000000000     <absolute>
 0000:00000000       __arm64x_extra_rfe_table   0000000000000000     <absolute>
 0000:00000000       __arm64x_extra_rfe_table_size 0000000000000000     <absolute>
 0000:00000000       __arm64x_native_entrypoint 0000000000000000     <absolute>
 0000:00000000       __arm64x_redirection_metadata 0000000000000000     <absolute>
 0000:00000000       __arm64x_redirection_metadata_count 0000000000000000     <absolute>
 0000:00000000       __dynamic_value_reloc_table 0000000000000000     <absolute>
 0000:00000000       __enclave_config           0000000000000000     <absolute>
 0000:00000000       __guard_check_icall_a64n_fptr 0000000000000000     <absolute>
 0000:00000000       __guard_eh_cont_count      0000000000000000     <absolute>
 0000:00000000       __guard_eh_cont_table      0000000000000000     <absolute>
 0000:00000000       __guard_fids_count         0000000000000000     <absolute>
 0000:00000000       __guard_fids_table         0000000000000000     <absolute>
 0000:00000000       __guard_iat_count          0000000000000000     <absolute>
 0000:00000000       __guard_iat_table          0000000000000000     <absolute>
 0000:00000000       __guard_longjmp_count      0000000000000000     <absolute>
 0000:00000000       __guard_longjmp_table      0000000000000000     <absolute>
 0000:00000000       __hybrid_auxiliary_delayload_iat 0000000000000000     <absolute>
 0000:00000000       __hybrid_auxiliary_delayload_iat_copy 0000000000000000     <absolute>
 0000:00000000       __hybrid_auxiliary_iat     0000000000000000     <absolute>
 0000:00000000       __hybrid_auxiliary_iat_copy 0000000000000000     <absolute>
 0000:00000000       __hybrid_code_map          0000000000000000     <absolute>
 0000:00000000       __hybrid_code_map_count    0000000000000000     <absolute>
 0000:00000000       __hybrid_image_info_bitfield 0000000000000000     <absolute>
 0000:00000000       __x64_code_ranges_to_entry_points 0000000000000000     <absolute>
 0000:00000000       __x64_code_ranges_to_entry_points_count 0000000000000000     <absolute>
 0000:00000100       __guard_flags              0000000000000100     <absolute>
 0000:00000000       __ImageBase                0000000140000000     <linker-defined>
 0001:000000a0       ??$?0PEAD$0A@@?$basic_string@DU?$char_traits@D@std@@V?$allocator@D@2@@std@@QEAA@PEAD0AEBV?$allocator@D@1@@Z 00000001400010a0 f i discord_log.cpp.obj
 0001:000001d0       ??$?HDU?$char_traits@D@std@@V?$allocator@D@1@@std@@YA?AV?$basic_string@DU?$char_traits@D@std@@V?$allocator@D@2@@0@QEBD$$QEAV10@@Z 00000001400011d0 f i discord_log.cpp.obj
 0001:00000300       ??$_Append@D@?$basic_string@DU?$char_traits@D@std@@V?$allocator@D@2@@std@@AEAAAEAV01@QEBD_K@Z 0000000140001300 f i discord_log.cpp.obj
 0001:00000390       ??$_Assign@D@?$basic_string@DU?$char_traits@D@std@@V?$allocator@D@2@@std@@AEAAAEAV01@QEBD_K@Z 0000000140001390 f i discord_log.cpp.obj
 0001:00000500       ??$_Construct@$00PEBD@?$basic_string@DU?$char_traits@D@std@@V?$allocator@D@2@@std@@AEAAXQEBD_K@Z 0000000140001500 f i discord_log.cpp.obj
 0001:00000600       ??$_Invoke@V?$tuple@P6AXXZ@std@@$0A@@thread@std@@CAIPEAX@Z 0000000140001600 f i discord_log.cpp.obj
 0001:00000630       ??$_Reallocate_grow_by@V<lambda_16a3add8baeafd6065b2b3e9f729e474>@@PEBD_K@?$basic_string@DU?$char_traits@D@std@@V?$allocator@D@2@@std@@AEAAAEAV01@_KV<lambda_16a3add8baeafd6065b2b3e9f729e474>@@PEBD_K@Z 0000000140001630 f i discord_log.cpp.obj
 0001:000007c0       ??$_Reallocate_grow_by@V<lambda_1fd67b7cbb8957a22ddc452f87c0fbb0>@@_KPEBD_K@?$basic_string@DU?$char_traits@D@std@@V?$allocator@D@2@@std@@AEAAAEAV01@_KV<lambda_1fd67b7cbb8957a22ddc452f87c0fbb0>@@_KPEBD2@Z 00000001400017c0 f i discord_log.cpp.obj
 0001:00000980       ??$_UIntegral_to_buff@DI@std@@YAPEADPEADI@Z 0000000140001980 f i discord_log.cpp.obj
 0001:000009e0       ??$getline@DU?$char_traits@D@std@@V?$allocator@D@2@@std@@YAAEAV?$basic_istream@DU?$char_traits@D@std@@@0@$$QEAV10@AEAV?$basic_string@DU?$char_traits@D@std@@V?$allocator@D@2@@0@D@Z 00000001400019e0 f i discord_log.cpp.obj
 0001:00000b80       ??$use_facet@V?$codecvt@DDU_Mbstatet@@@std@@@std@@YAAEBV?$codecvt@DDU_Mbstatet@@@0@AEBVlocale@0@@Z 0000000140001b80 f i discord_log.cpp.obj
 0001:00000ca0       ??0?$basic_ifstream@DU?$char_traits@D@std@@@std@@QEAA@PEBDHH@Z 0000000140001ca0 f i discord_log.cpp.obj
 0001:00000ea0       ??0bad_alloc@std@@QEAA@AEBV01@@Z 0000000140001ea0 f i discord_log.cpp.obj
 0001:00000ee0       ??0bad_array_new_length@std@@QEAA@AEBV01@@Z 0000000140001ee0 f i discord_log.cpp.obj
 0001:00000f20       ??0bad_array_new_length@std@@QEAA@XZ 0000000140001f20 f i discord_log.cpp.obj
 0001:00000f50       ??0bad_cast@std@@QEAA@AEBV01@@Z 0000000140001f50 f i discord_log.cpp.obj
 0001:00000f90       ??0bad_cast@std@@QEAA@XZ   0000000140001f90 f i discord_log.cpp.obj
 0001:00000fc0       ??0exception@std@@QEAA@AEBV01@@Z 0000000140001fc0 f i discord_log.cpp.obj
 0001:00001000       ??1?$basic_filebuf@DU?$char_traits@D@std@@@std@@UEAA@XZ 0000000140002000 f i discord_log.cpp.obj
 0001:000010d0       ??1?$basic_string@DU?$char_traits@D@std@@V?$allocator@D@2@@std@@QEAA@XZ 00000001400020d0 f i discord_log.cpp.obj
 0001:000010e0       ??1?$deque@UWebhookMsg@DiscordLog@@V?$allocator@UWebhookMsg@DiscordLog@@@std@@@std@@QEAA@XZ 00000001400020e0 f i discord_log.cpp.obj
 0001:000011e0       ??1?$lock_guard@Vmutex@std@@@std@@QEAA@XZ 00000001400021e0 f i discord_log.cpp.obj
 0001:000011f0       ??1?$unique_ptr@V?$tuple@P6AXXZ@std@@U?$default_delete@V?$tuple@P6AXXZ@std@@@2@@std@@QEAA@XZ 00000001400021f0 f i discord_log.cpp.obj
 0001:00001210       ??1?$unique_ptr@V_Facet_base@std@@U?$default_delete@V_Facet_base@std@@@2@@std@@QEAA@XZ 0000000140002210 f i discord_log.cpp.obj
 0001:00001230       ??1WebhookMsg@DiscordLog@@QEAA@XZ 0000000140002230 f i discord_log.cpp.obj
 0001:00001250       ??1_Sentry_base@?$basic_istream@DU?$char_traits@D@std@@@std@@QEAA@XZ 0000000140002250 f i discord_log.cpp.obj
 0001:00001280       ??1bad_alloc@std@@UEAA@XZ  0000000140002280 f i discord_log.cpp.obj
 0001:00001280       ??1bad_array_new_length@std@@UEAA@XZ 0000000140002280 f i discord_log.cpp.obj
 0001:00001280       ??1bad_cast@std@@UEAA@XZ   0000000140002280 f i discord_log.cpp.obj
 0001:000012a0       ??1locale@std@@QEAA@XZ     00000001400022a0 f i discord_log.cpp.obj
 0001:000012d0       ??1sentry@?$basic_istream@DU?$char_traits@D@std@@@std@@QEAA@XZ 00000001400022d0 f i discord_log.cpp.obj
 0001:00001300       ??1thread@std@@QEAA@XZ     0000000140002300 f i discord_log.cpp.obj
 0001:00001320       ??_D?$basic_ifstream@DU?$char_traits@D@std@@@std@@QEAAXXZ 0000000140002320 f i discord_log.cpp.obj
 0001:00001374       ??_E?$basic_ifstream@DU?$char_traits@D@std@@@std@@$4PPPPPPPM@A@EAAPEAXI@Z 0000000140002374 f i discord_log.cpp.obj
 0001:00001380       ??_E?$basic_filebuf@DU?$char_traits@D@std@@@std@@UEAAPEAXI@Z 0000000140002380 f i discord_log.cpp.obj
 0001:00001380       ??_G?$basic_filebuf@DU?$char_traits@D@std@@@std@@UEAAPEAXI@Z 0000000140002380 f i discord_log.cpp.obj
 0001:000013c0       ??_E?$basic_ifstream@DU?$char_traits@D@std@@@std@@UEAAPEAXI@Z 00000001400023c0 f i discord_log.cpp.obj
 0001:000013c0       ??_G?$basic_ifstream@DU?$char_traits@D@std@@@std@@UEAAPEAXI@Z 00000001400023c0 f i discord_log.cpp.obj
 0001:00001460       ??_Ebad_alloc@std@@UEAAPEAXI@Z 0000000140002460 f i discord_log.cpp.obj
 0001:00001460       ??_Ebad_array_new_length@std@@UEAAPEAXI@Z 0000000140002460 f i discord_log.cpp.obj
 0001:00001460       ??_Ebad_cast@std@@UEAAPEAXI@Z 0000000140002460 f i discord_log.cpp.obj
 0001:00001460       ??_Eexception@std@@UEAAPEAXI@Z 0000000140002460 f i discord_log.cpp.obj
 0001:00001460       ??_Gbad_alloc@std@@UEAAPEAXI@Z 0000000140002460 f i discord_log.cpp.obj
 0001:00001460       ??_Gbad_array_new_length@std@@UEAAPEAXI@Z 0000000140002460 f i discord_log.cpp.obj
 0001:00001460       ??_Gbad_cast@std@@UEAAPEAXI@Z 0000000140002460 f i discord_log.cpp.obj
 0001:00001460       ??_Gexception@std@@UEAAPEAXI@Z 0000000140002460 f i discord_log.cpp.obj
 0001:000014b0       ?Authenticate@DiscordLog@@YA_NPEBD@Z 00000001400024b0 f   discord_log.cpp.obj
 0001:000046d0       ?GetAuthError@DiscordLog@@YAPEBDXZ 00000001400056d0 f   discord_log.cpp.obj
 0001:000046e0       ?GetSessionToken@DiscordLog@@YAPEBDXZ 00000001400056e0 f   discord_log.cpp.obj
 0001:000046f0       ?Init@DiscordLog@@YAXXZ    00000001400056f0 f   discord_log.cpp.obj
 0001:000048e0       ?IsAuthenticated@DiscordLog@@YA_NXZ 00000001400058e0 f   discord_log.cpp.obj
 0001:00004e80       ?PostEvent@DiscordLog@@YAXW4Event@1@PEBD@Z 0000000140005e80 f   discord_log.cpp.obj
 0001:00006400       ?Shutdown@DiscordLog@@YAXXZ 0000000140007400 f   discord_log.cpp.obj
 0001:00006490       ?StartGameMonitor@DiscordLog@@YAXPEBD@Z 0000000140007490 f   discord_log.cpp.obj
 0001:00006580       ?StopGameMonitor@DiscordLog@@YAXXZ 0000000140007580 f   discord_log.cpp.obj
 0001:000065f0       ?_Endwrite@?$basic_filebuf@DU?$char_traits@D@std@@@std@@IEAA_NXZ 00000001400075f0 f i discord_log.cpp.obj
 0001:000066e0       ?_Growmap@?$deque@UWebhookMsg@DiscordLog@@V?$allocator@UWebhookMsg@DiscordLog@@@std@@@std@@AEAAX_K@Z 00000001400076e0 f i discord_log.cpp.obj
 0001:000068e0       ?_Lock@?$basic_filebuf@DU?$char_traits@D@std@@@std@@UEAAXXZ 00000001400078e0 f i discord_log.cpp.obj
 0001:00006900       ?_Reset_back@?$basic_filebuf@DU?$char_traits@D@std@@@std@@AEAAXXZ 0000000140007900 f i discord_log.cpp.obj
 0001:00006940       ?_Throw_bad_array_new_length@std@@YAXXZ 0000000140007940 f i discord_log.cpp.obj
 0001:00006940       ?__scrt_throw_std_bad_array_new_length@@YAXXZ 0000000140007940 f i MSVCRT:throw_bad_alloc.obj
 0001:00006960       ?_Throw_bad_cast@std@@YAXXZ 0000000140007960 f i discord_log.cpp.obj
 0001:00006980       ?_Tidy_deallocate@?$basic_string@DU?$char_traits@D@std@@V?$allocator@D@2@@std@@AEAAXXZ 0000000140007980 f i discord_log.cpp.obj
 0001:000069f0       ?_Unlock@?$basic_filebuf@DU?$char_traits@D@std@@@std@@UEAAXXZ 00000001400079f0 f i discord_log.cpp.obj
 0001:00006a10       ?_Xlen@?$deque@UWebhookMsg@DiscordLog@@V?$allocator@UWebhookMsg@DiscordLog@@@std@@@std@@CAXXZ 0000000140007a10 f i discord_log.cpp.obj
 0001:00006a30       ?_Xlen_string@std@@YAXXZ   0000000140007a30 f i discord_log.cpp.obj
 0001:00006a50       ?_Xran@?$_String_val@U?$_Simple_types@D@std@@@std@@SAXXZ 0000000140007a50 f i discord_log.cpp.obj
 0001:00006a70       ?assign@?$basic_string@DU?$char_traits@D@std@@V?$allocator@D@2@@std@@QEAAAEAV12@QEBD_K@Z 0000000140007a70 f i discord_log.cpp.obj
 0001:00006bd0       ?imbue@?$basic_filebuf@DU?$char_traits@D@std@@@std@@MEAAXAEBVlocale@2@@Z 0000000140007bd0 f i discord_log.cpp.obj
 0001:00006c20       ?overflow@?$basic_filebuf@DU?$char_traits@D@std@@@std@@MEAAHH@Z 0000000140007c20 f i discord_log.cpp.obj
 0001:00006de0       ?pbackfail@?$basic_filebuf@DU?$char_traits@D@std@@@std@@MEAAHH@Z 0000000140007de0 f i discord_log.cpp.obj
 0001:00006f00       ?push_back@?$basic_string@DU?$char_traits@D@std@@V?$allocator@D@2@@std@@QEAAXD@Z 0000000140007f00 f i discord_log.cpp.obj
 0001:000070a0       ?reserve@?$basic_string@DU?$char_traits@D@std@@V?$allocator@D@2@@std@@QEAAX_K@Z 00000001400080a0 f i discord_log.cpp.obj
 0001:00007280       ?seekoff@?$basic_filebuf@DU?$char_traits@D@std@@@std@@MEAA?AV?$fpos@U_Mbstatet@@@2@_JHH@Z 0000000140008280 f i discord_log.cpp.obj
 0001:00007350       ?seekpos@?$basic_filebuf@DU?$char_traits@D@std@@@std@@MEAA?AV?$fpos@U_Mbstatet@@@2@V32@H@Z 0000000140008350 f i discord_log.cpp.obj
 0001:00007400       ?setbuf@?$basic_filebuf@DU?$char_traits@D@std@@@std@@MEAAPEAV?$basic_streambuf@DU?$char_traits@D@std@@@2@PEAD_J@Z 0000000140008400 f i discord_log.cpp.obj
 0001:000074e0       ?sync@?$basic_filebuf@DU?$char_traits@D@std@@@std@@MEAAHXZ 00000001400084e0 f i discord_log.cpp.obj
 0001:00007530       ?uflow@?$basic_filebuf@DU?$char_traits@D@std@@@std@@MEAAHXZ 0000000140008530 f i discord_log.cpp.obj
 0001:00007910       ?underflow@?$basic_filebuf@DU?$char_traits@D@std@@@std@@MEAAHXZ 0000000140008910 f i discord_log.cpp.obj
 0001:00007990       ?what@exception@std@@UEBAPEBDXZ 0000000140008990 f i discord_log.cpp.obj
 0001:000079b0       ?xsgetn@?$basic_filebuf@DU?$char_traits@D@std@@@std@@MEAA_JPEAD_J@Z 00000001400089b0 f i discord_log.cpp.obj
 0001:00007ae0       ?xsputn@?$basic_filebuf@DU?$char_traits@D@std@@@std@@MEAA_JPEBD_J@Z 0000000140008ae0 f i discord_log.cpp.obj
 0001:00007bb0       __local_stdio_printf_options 0000000140008bb0 f i discord_log.cpp.obj
 0001:00007bc0       fprintf                    0000000140008bc0 f i discord_log.cpp.obj
 0001:00007c10       snprintf                   0000000140008c10 f i discord_log.cpp.obj
 0001:000083b0       ?FetchFiles@Download@@YA_NHPEADH@Z 00000001400093b0 f   download.cpp.obj
 0001:00008590       ?GetStatus@Download@@YAPEBDXZ 0000000140009590 f   download.cpp.obj
 0001:000085a0       ?SetStatusHook@Download@@YAXP6AXPEBD@Z@Z 00000001400095a0 f   download.cpp.obj
 0001:00008620       ?assign@?$basic_string@DU?$char_traits@D@std@@V?$allocator@D@2@@std@@QEAAAEAV12@QEBD@Z 0000000140009620 f i game.cpp.obj
 0001:00008cb0       ?Init@GUI@@YAXPEAUID3D11Device@@@Z 0000000140009cb0 f   gui.cpp.obj
 0001:00009360       ?RenderDashboard@GUI@@YAXMMM@Z 000000014000a360 f   gui.cpp.obj
 0001:0000c860       ?RenderFrame@GUI@@YAXMM@Z  000000014000d860 f   gui.cpp.obj
 0001:0000d4a0       ?RenderLogin@GUI@@YAXMMM@Z 000000014000e4a0 f   gui.cpp.obj
 0001:0000ec10       ?Shutdown@GUI@@YAXXZ       000000014000fc10 f   gui.cpp.obj
 0001:0001f4a0       ?GetStatus@Inject@@YAPEBDXZ 00000001400204a0 f   inject.cpp.obj
 0001:00020970       ?IsDone@Inject@@YA_NXZ     0000000140021970 f   inject.cpp.obj
 0001:00020d50       ?StartAsync@Inject@@YAXH_N@Z 0000000140021d50 f   inject.cpp.obj
 0001:00020e30       ?Succeeded@Inject@@YA_NXZ  0000000140021e30 f   inject.cpp.obj
 0001:00020fd0       ?WndProc@@YA_JPEAUHWND__@@I_K_J@Z 0000000140021fd0 f   main.cpp.obj
 0001:000210d0       WinMain                    00000001400220d0 f   main.cpp.obj
 0001:00021cb0       ?Init@Sound@@YAXXZ         0000000140022cb0 f   sound.cpp.obj
 0001:00022060       ?PlayActivate@Sound@@YAXXZ 0000000140023060 f   sound.cpp.obj
 0001:00022080       ?PlayClick@Sound@@YAXXZ    0000000140023080 f   sound.cpp.obj
 0001:000220a0       ?PlayHamasSong@Sound@@YAXXZ 00000001400230a0 f   sound.cpp.obj
 0001:000221b0       ?StopHamasSong@Sound@@YAXXZ 00000001400231b0 f   sound.cpp.obj
 0001:000221e0       ??3@YAXPEAXUImNewWrapper@@0@Z 00000001400231e0 f   imgui.cpp.obj
 0001:000221e0       ?SetKeyEventNativeData@ImGuiIO@@QEAAXW4ImGuiKey@@HHH@Z 00000001400231e0 f   imgui.cpp.obj
 0001:000221e0       ?UpdateHover@Sound@@YAX_N@Z 00000001400231e0 f   sound.cpp.obj
 0001:000221e0       _guard_check_icall_nop     00000001400231e0 f   MSVCRT:guard_support.obj
 0001:000221e0       _initialize_denormal_control 00000001400231e0 f   MSVCRT:denormal_control.obj
 0001:000221e0       _initialize_invalid_parameter_handler 00000001400231e0 f   MSVCRT:invalid_parameter_handler.obj
 0001:000221f0       ?ApplyStyle@Style@@YAXXZ   00000001400231f0 f   style.cpp.obj
 0001:00022600       ??0ImGuiContext@@QEAA@PEAUImFontAtlas@@@Z 0000000140023600 f   imgui.cpp.obj
 0001:000233d0       ??0ImGuiIO@@QEAA@XZ        00000001400243d0 f   imgui.cpp.obj
 0001:000235f0       ??0ImGuiKeyRoutingTable@@QEAA@XZ 00000001400245f0 f i imgui.cpp.obj
 0001:00023780       ??0ImGuiStyle@@QEAA@XZ     0000000140024780 f   imgui.cpp.obj
 0001:00023d70       ??0ImGuiWindow@@QEAA@PEAUImGuiContext@@PEBD@Z 0000000140024d70 f   imgui.cpp.obj
 0001:000242a0       ??1?$ImChunkStream@UImGuiTableSettings@@@@QEAA@XZ 00000001400252a0 f i imgui.cpp.obj
 0001:000242a0       ??1?$ImChunkStream@UImGuiWindowSettings@@@@QEAA@XZ 00000001400252a0 f i imgui.cpp.obj
 0001:000242a0       ??1ImGuiStorage@@QEAA@XZ   00000001400252a0 f i imgui.cpp.obj
 0001:000242a0       ??1ImGuiTextBuffer@@QEAA@XZ 00000001400252a0 f i imgui.cpp.obj
 0001:000242a0       ??1ImGuiTextIndex@@QEAA@XZ 00000001400252a0 f i imgui.cpp.obj
 0001:000242c0       ??1?$ImPool@UImGuiMultiSelectState@@@@QEAA@XZ 00000001400252c0 f i imgui.cpp.obj
 0001:00024420       ??1?$ImPool@UImGuiTabBar@@@@QEAA@XZ 0000000140025420 f i imgui.cpp.obj
 0001:00024460       ??1?$ImPool@UImGuiTable@@@@QEAA@XZ 0000000140025460 f i imgui.cpp.obj
 0001:000244a0       ??1?$ImVector@D@@QEAA@XZ   00000001400254a0 f i imgui.cpp.obj
 0001:000244a0       ??1?$ImVector@E@@QEAA@XZ   00000001400254a0 f i imgui.cpp.obj
 0001:000244a0       ??1?$ImVector@G@@QEAA@XZ   00000001400254a0 f i imgui.cpp.obj
 0001:000244a0       ??1?$ImVector@H@@QEAA@XZ   00000001400254a0 f i imgui.cpp.obj
 0001:000244a0       ??1?$ImVector@I@@QEAA@XZ   00000001400254a0 f i imgui.cpp.obj
 0001:000244a0       ??1?$ImVector@M@@QEAA@XZ   00000001400254a0 f i imgui.cpp.obj
 0001:000244a0       ??1?$ImVector@PEAUImDrawList@@@@QEAA@XZ 00000001400254a0 f i imgui.cpp.obj
 0001:000244a0       ??1?$ImVector@PEAUImFont@@@@QEAA@XZ 00000001400254a0 f i imgui_draw.cpp.obj
 0001:000244a0       ??1?$ImVector@PEAUImFontAtlas@@@@QEAA@XZ 00000001400254a0 f i imgui.cpp.obj
 0001:000244a0       ??1?$ImVector@PEAUImGuiViewportP@@@@QEAA@XZ 00000001400254a0 f i imgui.cpp.obj
 0001:000244a0       ??1?$ImVector@PEAUImGuiWindow@@@@QEAA@XZ 00000001400254a0 f i imgui.cpp.obj
 0001:000244a0       ??1?$ImVector@PEAUImTextureData@@@@QEAA@XZ 00000001400254a0 f i imgui.cpp.obj
 0001:000244a0       ??1?$ImVector@UImDrawChannel@@@@QEAA@XZ 00000001400254a0 f i imgui.cpp.obj
 0001:000244a0       ??1?$ImVector@UImDrawCmd@@@@QEAA@XZ 00000001400254a0 f i imgui_draw.cpp.obj
 0001:000244a0       ??1?$ImVector@UImDrawVert@@@@QEAA@XZ 00000001400254a0 f i imgui_draw.cpp.obj
 0001:000244a0       ??1?$ImVector@UImFontAtlasRectEntry@@@@QEAA@XZ 00000001400254a0 f i imgui_draw.cpp.obj
 0001:000244a0       ??1?$ImVector@UImFontConfig@@@@QEAA@XZ 00000001400254a0 f i imgui_draw.cpp.obj
 0001:000244a0       ??1?$ImVector@UImFontStackData@@@@QEAA@XZ 00000001400254a0 f i imgui.cpp.obj
 0001:000244a0       ??1?$ImVector@UImGuiColorMod@@@@QEAA@XZ 00000001400254a0 f i imgui.cpp.obj
 0001:000244a0       ??1?$ImVector@UImGuiContextHook@@@@QEAA@XZ 00000001400254a0 f i imgui.cpp.obj
 0001:000244a0       ??1?$ImVector@UImGuiFocusScopeData@@@@QEAA@XZ 00000001400254a0 f i imgui.cpp.obj
 0001:000244a0       ??1?$ImVector@UImGuiGroupData@@@@QEAA@XZ 00000001400254a0 f i imgui.cpp.obj
 0001:000244a0       ??1?$ImVector@UImGuiInputEvent@@@@QEAA@XZ 00000001400254a0 f i imgui.cpp.obj
 0001:000244a0       ??1?$ImVector@UImGuiKeyRoutingData@@@@QEAA@XZ 00000001400254a0 f i imgui.cpp.obj
 0001:000244a0       ??1?$ImVector@UImGuiListClipperData@@@@QEAA@XZ 00000001400254a0 f i imgui.cpp.obj
 0001:000244a0       ??1?$ImVector@UImGuiMultiSelectTempData@@@@QEAA@XZ 00000001400254a0 f i imgui.cpp.obj
 0001:000244a0       ??1?$ImVector@UImGuiOldColumns@@@@QEAA@XZ 00000001400254a0 f i imgui.cpp.obj
 0001:000244a0       ??1?$ImVector@UImGuiPopupData@@@@QEAA@XZ 00000001400254a0 f i imgui.cpp.obj
 0001:000244a0       ??1?$ImVector@UImGuiPtrOrIndex@@@@QEAA@XZ 00000001400254a0 f i imgui.cpp.obj
 0001:000244a0       ??1?$ImVector@UImGuiSettingsHandler@@@@QEAA@XZ 00000001400254a0 f i imgui.cpp.obj
 0001:000244a0       ??1?$ImVector@UImGuiShrinkWidthItem@@@@QEAA@XZ 00000001400254a0 f i imgui.cpp.obj
 0001:000244a0       ??1?$ImVector@UImGuiStyleMod@@@@QEAA@XZ 00000001400254a0 f i imgui.cpp.obj
 0001:000244a0       ??1?$ImVector@UImGuiTableTempData@@@@QEAA@XZ 00000001400254a0 f i imgui.cpp.obj
 0001:000244a0       ??1?$ImVector@UImGuiTreeNodeStackData@@@@QEAA@XZ 00000001400254a0 f i imgui.cpp.obj
 0001:000244a0       ??1?$ImVector@UImGuiWindowStackData@@@@QEAA@XZ 00000001400254a0 f i imgui.cpp.obj
 0001:000244a0       ??1?$ImVector@UImTextureRect@@@@QEAA@XZ 00000001400254a0 f i imgui_draw.cpp.obj
 0001:000244a0       ??1?$ImVector@UImTextureRef@@@@QEAA@XZ 00000001400254a0 f i imgui_draw.cpp.obj
 0001:000244a0       ??1?$ImVector@UImVec2@@@@QEAA@XZ 00000001400254a0 f i imgui_draw.cpp.obj
 0001:000244a0       ??1?$ImVector@UImVec4@@@@QEAA@XZ 00000001400254a0 f i imgui_draw.cpp.obj
 0001:000244a0       ??1?$ImVector@_W@@QEAA@XZ  00000001400254a0 f i imgui.cpp.obj
 0001:000244c0       ??1ImDrawListSplitter@@QEAA@XZ 00000001400254c0 f i imgui.cpp.obj
 0001:000244f0       ??1ImFontBaked@@QEAA@XZ    00000001400254f0 f i imgui.cpp.obj
 0001:00024530       ??1ImGuiContext@@QEAA@XZ   0000000140025530 f   imgui.cpp.obj
 0001:00024960       ??1ImGuiDebugItemPathQuery@@QEAA@XZ 0000000140025960 f i imgui.cpp.obj
 0001:000249a0       ??1ImGuiIO@@QEAA@XZ        00000001400259a0 f i imgui.cpp.obj
 0001:000249c0       ??1ImGuiInputTextDeactivatedState@@QEAA@XZ 00000001400259c0 f i imgui.cpp.obj
 0001:000249e0       ??1ImGuiKeyRoutingTable@@QEAA@XZ 00000001400259e0 f i imgui.cpp.obj
 0001:00024a20       ??1ImGuiPlatformIO@@QEAA@XZ 0000000140025a20 f i imgui.cpp.obj
 0001:00024a40       ??1ImGuiWindow@@QEAA@XZ    0000000140025a40 f   imgui.cpp.obj
 0001:00024be0       ??1ImGuiWindowTempData@@QEAA@XZ 0000000140025be0 f i imgui.cpp.obj
 0001:00024c30       ?AddFocusEvent@ImGuiIO@@QEAAX_N@Z 0000000140025c30 f   imgui.cpp.obj
 0001:00024d50       ?AddInputCharacter@ImGuiIO@@QEAAXI@Z 0000000140025d50 f   imgui.cpp.obj
 0001:00024e30       ?AddInputCharacterUTF16@ImGuiIO@@QEAAXG@Z 0000000140025e30 f   imgui.cpp.obj
 0001:00024ee0       ?AddKeyAnalogEvent@ImGuiIO@@QEAAXW4ImGuiKey@@_NM@Z 0000000140025ee0 f   imgui.cpp.obj
 0001:000250c0       ?AddKeyEvent@ImGuiIO@@QEAAXW4ImGuiKey@@_N@Z 00000001400260c0 f   imgui.cpp.obj
 0001:000250f0       ?AddMouseButtonEvent@ImGuiIO@@QEAAXH_N@Z 00000001400260f0 f   imgui.cpp.obj
 0001:00025310       ?AddMousePosEvent@ImGuiIO@@QEAAXMM@Z 0000000140026310 f   imgui.cpp.obj
 0001:000254a0       ?AddMouseSourceEvent@ImGuiIO@@QEAAXW4ImGuiMouseSource@@@Z 00000001400264a0 f   imgui.cpp.obj
 0001:000254b0       ?AddMouseWheelEvent@ImGuiIO@@QEAAXMM@Z 00000001400264b0 f   imgui.cpp.obj
 0001:000255a0       ?AddSettingsHandler@ImGui@@YAXPEBUImGuiSettingsHandler@@@Z 00000001400265a0 f   imgui.cpp.obj
 0001:00025870       ?Begin@ImGui@@YA_NPEBDPEA_NH@Z 0000000140026870 f   imgui.cpp.obj
 0001:00027f60       ?BeginChild@ImGui@@YA_NPEBDAEBUImVec2@@HH@Z 0000000140028f60 f   imgui.cpp.obj
 0001:00027ff0       ?BeginChildEx@ImGui@@YA_NPEBDIAEBUImVec2@@HH@Z 0000000140028ff0 f   imgui.cpp.obj
 0001:00028410       ?BeginDisabled@ImGui@@YAX_N@Z 0000000140029410 f   imgui.cpp.obj
 0001:000284d0       ?BeginErrorTooltip@ImGui@@YA_NXZ 00000001400294d0 f   imgui.cpp.obj
 0001:000286e0       ?BeginGroup@ImGui@@YAXXZ   00000001400296e0 f   imgui.cpp.obj
 0001:00028830       ?BeginPopupContextItem@ImGui@@YA_NPEBDH@Z 0000000140029830 f   imgui.cpp.obj
 0001:000288f0       ?BeginPopupEx@ImGui@@YA_NIH@Z 00000001400298f0 f   imgui.cpp.obj
 0001:000289a0       ?BeginPopupMenuEx@ImGui@@YA_NIPEBDH@Z 00000001400299a0 f   imgui.cpp.obj
 0001:00028aa0       ?BeginTooltipEx@ImGui@@YA_NHH@Z 0000000140029aa0 f   imgui.cpp.obj
 0001:00028c80       ?BringWindowToDisplayFront@ImGui@@YAXPEAUImGuiWindow@@@Z 0000000140029c80 f   imgui.cpp.obj
 0001:00028d20       ?BringWindowToFocusFront@ImGui@@YAXPEAUImGuiWindow@@@Z 0000000140029d20 f   imgui.cpp.obj
 0001:00028db0       ?CalcClipRectVisibleItemsY@ImGui@@YAXAEBUImRect@@AEBUImVec2@@MPEAH2@Z 0000000140029db0 f   imgui.cpp.obj
 0001:00028e00       ?CalcItemSize@ImGui@@YA?AUImVec2@@U2@MM@Z 0000000140029e00 f   imgui.cpp.obj
 0001:00028f10       ?CalcItemWidth@ImGui@@YAMXZ 0000000140029f10 f   imgui.cpp.obj
 0001:00029380       ?CalcTextSize@ImGui@@YA?AUImVec2@@PEBD0_NM@Z 000000014002a380 f   imgui.cpp.obj
 0001:00029470       ?CalcTypematicRepeatAmount@ImGui@@YAHMMMM@Z 000000014002a470 f   imgui.cpp.obj
 0001:00029940       ?CalcWindowNextAutoFitSize@ImGui@@YA?AUImVec2@@PEAUImGuiWindow@@@Z 000000014002a940 f   imgui.cpp.obj
 0001:00029b80       ?CalcWrapWidthForPos@ImGui@@YAMAEBUImVec2@@M@Z 000000014002ab80 f   imgui.cpp.obj
 0001:00029c40       ?Clear@?$ImPool@UImGuiTabBar@@@@QEAAXXZ 000000014002ac40 f i imgui.cpp.obj
 0001:00029cf0       ?Clear@?$ImPool@UImGuiTable@@@@QEAAXXZ 000000014002acf0 f i imgui.cpp.obj
 0001:00029e50       ?Clear@ImGuiKeyRoutingTable@@QEAAXXZ 000000014002ae50 f i imgui.cpp.obj
 0001:00029ec0       ?ClearActiveID@ImGui@@YAXXZ 000000014002aec0 f   imgui.cpp.obj
 0001:00029ed0       ?ClearDragDrop@ImGui@@YAXXZ 000000014002aed0 f   imgui.cpp.obj
 0001:00029fa0       ?ClearInputKeys@ImGuiIO@@QEAAXXZ 000000014002afa0 f   imgui.cpp.obj
 0001:0002a040       ?ClearPlatformHandlers@ImGuiPlatformIO@@QEAAXXZ 000000014002b040 f   imgui.cpp.obj
 0001:0002a060       ?ClearRendererHandlers@ImGuiPlatformIO@@QEAAXXZ 000000014002b060 f   imgui.cpp.obj
 0001:0002a080       ?ClipWithFull@ImRect@@QEAAXAEBU1@@Z 000000014002b080 f i imgui.cpp.obj
 0001:0002a100       ?CloseCurrentPopup@ImGui@@YAXXZ 000000014002b100 f   imgui.cpp.obj
 0001:0002a1e0       ?ClosePopupToLevel@ImGui@@YAXH_N@Z 000000014002b1e0 f   imgui.cpp.obj
 0001:0002a380       ?ClosePopupsOverWindow@ImGui@@YAXPEAUImGuiWindow@@_N@Z 000000014002b380 f   imgui.cpp.obj
 0001:0002a460       ?ColorConvertFloat4ToU32@ImGui@@YAIAEBUImVec4@@@Z 000000014002b460 f   imgui.cpp.obj
 0001:0002a520       ?ColorConvertHSVtoRGB@ImGui@@YAXMMMAEAM00@Z 000000014002b520 f   imgui.cpp.obj
 0001:0002a6e0       ?ColorConvertRGBtoHSV@ImGui@@YAXMMMAEAM00@Z 000000014002b6e0 f   imgui.cpp.obj
 0001:0002a790       ?Contains@ImRect@@QEBA_NAEBUImVec2@@@Z 000000014002b790 f i imgui.cpp.obj
 0001:0002a7c0       ?ConvertSingleModFlagToKey@ImGui@@YA?AW4ImGuiKey@@W42@@Z 000000014002b7c0 f i imgui.cpp.obj
 0001:0002a800       ?CreateContext@ImGui@@YAPEAUImGuiContext@@PEAUImFontAtlas@@@Z 000000014002b800 f   imgui.cpp.obj
 0001:0002ab40       ?CreateNewWindowSettings@ImGui@@YAPEAUImGuiWindowSettings@@PEBD@Z 000000014002bb40 f   imgui.cpp.obj
 0001:0002ac50       ?DebugAllocHook@ImGui@@YAXPEAUImGuiDebugAllocInfo@@HPEAX_K@Z 000000014002bc50 f   imgui.cpp.obj
 0001:0002acc0       ?DebugCheckVersionAndDataLayout@ImGui@@YA_NPEBD_K11111@Z 000000014002bcc0 f   imgui.cpp.obj
 0001:0002ad50       ?DebugHookIdInfo@ImGui@@YAXIHPEBX0@Z 000000014002bd50 f   imgui.cpp.obj
 0001:0002b0d0       ?DebugLocateItemResolveWithLastItem@ImGui@@YAXXZ 000000014002c0d0 f   imgui.cpp.obj
 0001:0002b230       ?DebugLog@ImGui@@YAXPEBDZZ 000000014002c230 f   imgui.cpp.obj
 0001:0002b260       ?DebugLogV@ImGui@@YAXPEBDPEAD@Z 000000014002c260 f   imgui.cpp.obj
 0001:0002b740       ?DebugTextureIDToU64@ImGui@@YA_K_K@Z 000000014002c740 f   imgui.cpp.obj
 0001:0002b750       ?DestroyContext@ImGui@@YAXPEAUImGuiContext@@@Z 000000014002c750 f   imgui.cpp.obj
 0001:0002b7b0       ?End@ImGui@@YAXXZ          000000014002c7b0 f   imgui.cpp.obj
 0001:0002bb50       ?EndChild@ImGui@@YAXXZ     000000014002cb50 f   imgui.cpp.obj
 0001:0002bdb0       ?EndDisabled@ImGui@@YAXXZ  000000014002cdb0 f   imgui.cpp.obj
 0001:0002be20       ?EndFrame@ImGui@@YAXXZ     000000014002ce20 f   imgui.cpp.obj
 0001:0002c460       ?EndGroup@ImGui@@YAXXZ     000000014002d460 f   imgui.cpp.obj
 0001:0002c860       ?EndPopup@ImGui@@YAXXZ     000000014002d860 f   imgui.cpp.obj
 0001:0002c920       ?ErrorCheckUsingSetCursorPosToExtendParentBoundaries@ImGui@@YAXXZ 000000014002d920 f   imgui.cpp.obj
 0001:0002c970       ?ErrorLog@ImGui@@YA_NPEBD@Z 000000014002d970 f   imgui.cpp.obj
 0001:0002cb60       ?ErrorRecoveryTryToRecoverWindowState@ImGui@@YAXPEBUImGuiErrorRecoveryState@@@Z 000000014002db60 f   imgui.cpp.obj
 0001:0002d010       ?FindBestWindowPosForPopup@ImGui@@YA?AUImVec2@@PEAUImGuiWindow@@@Z 000000014002e010 f   imgui.cpp.obj
 0001:0002d410       ?FindBestWindowPosForPopupEx@ImGui@@YA?AUImVec2@@AEBU2@0PEAW4ImGuiDir@@AEBUImRect@@2W4ImGuiPopupPositionPolicy@@@Z 000000014002e410 f   imgui.cpp.obj
 0001:0002d700       ?FindFrontMostVisibleChildWindow@ImGui@@YAPEAUImGuiWindow@@PEAU2@@Z 000000014002e700 f   imgui.cpp.obj
 0001:0002d740       ?FindHoveredWindowEx@ImGui@@YAXAEBUImVec2@@_NPEAPEAUImGuiWindow@@2@Z 000000014002e740 f   imgui.cpp.obj
 0001:0002d990       ?FindRenderedTextEnd@ImGui@@YAPEBDPEBD0@Z 000000014002e990 f   imgui.cpp.obj
 0001:0002d9c0       ?FindSettingsHandler@ImGui@@YAPEAUImGuiSettingsHandler@@PEBD@Z 000000014002e9c0 f   imgui.cpp.obj
 0001:0002da60       ?FindWindowByID@ImGui@@YAPEAUImGuiWindow@@I@Z 000000014002ea60 f   imgui.cpp.obj
 0001:0002daf0       ?FindWindowByName@ImGui@@YAPEAUImGuiWindow@@PEBD@Z 000000014002eaf0 f   imgui.cpp.obj
 0001:0002db60       ?FindWindowSettingsByWindow@ImGui@@YAPEAUImGuiWindowSettings@@PEAUImGuiWindow@@@Z 000000014002eb60 f   imgui.cpp.obj
 0001:0002dbd0       ?FixupKeyChord@ImGui@@YAHH@Z 000000014002ebd0 f   imgui.cpp.obj
 0001:0002ddf0       ?FocusWindow@ImGui@@YAXPEAUImGuiWindow@@H@Z 000000014002edf0 f   imgui.cpp.obj
 0001:0002e0f0       ?GetBackgroundDrawList@ImGui@@YAPEAUImDrawList@@XZ 000000014002f0f0 f   imgui.cpp.obj
 0001:0002e110       ?GetClipboardText@ImGui@@YAPEBDXZ 000000014002f110 f   imgui.cpp.obj
 0001:0002e130       ?GetColorU32@ImGui@@YAIAEBUImVec4@@@Z 000000014002f130 f   imgui.cpp.obj
 0001:0002e170       ?GetColorU32@ImGui@@YAIHM@Z 000000014002f170 f   imgui.cpp.obj
 0001:0002e1c0       ?GetContentRegionAvail@ImGui@@YA?AUImVec2@@XZ 000000014002f1c0 f   imgui.cpp.obj
 0001:0002e210       ?GetCurrentContext@ImGui@@YAPEAUImGuiContext@@XZ 000000014002f210 f   imgui.cpp.obj
 0001:0002e220       ?GetCursorPosX@ImGui@@YAMXZ 000000014002f220 f   imgui.cpp.obj
 0001:0002e250       ?GetCursorScreenPos@ImGui@@YA?AUImVec2@@XZ 000000014002f250 f   imgui.cpp.obj
 0001:0002e270       ?GetDrawData@ImGui@@YAPEAUImDrawData@@XZ 000000014002f270 f   imgui.cpp.obj
 0001:0002e290       ?GetForegroundDrawList@ImGui@@YAPEAUImDrawList@@XZ 000000014002f290 f   imgui.cpp.obj
 0001:0002e2c0       ?GetFrameHeight@ImGui@@YAMXZ 000000014002f2c0 f   imgui.cpp.obj
 0001:0002e2e0       ?GetID@ImGui@@YAIPEBD@Z    000000014002f2e0 f   imgui.cpp.obj
 0001:0002e350       ?GetID@ImGuiWindow@@QEAAIH@Z 000000014002f350 f   imgui.cpp.obj
 0001:0002e3d0       ?GetID@ImGuiWindow@@QEAAIPEBD0@Z 000000014002f3d0 f   imgui.cpp.obj
 0001:0002e440       ?GetIO@ImGui@@YAAEAUImGuiIO@@XZ 000000014002f440 f   imgui.cpp.obj
 0001:0002e450       ?GetInt@ImGuiStorage@@QEBAHIH@Z 000000014002f450 f   imgui.cpp.obj
 0001:0002e4d0       ?GetKeyChordName@ImGui@@YAPEBDH@Z 000000014002f4d0 f   imgui.cpp.obj
 0001:0002e620       ?GetKeyData@ImGui@@YAPEAUImGuiKeyData@@PEAUImGuiContext@@W4ImGuiKey@@@Z 000000014002f620 f   imgui.cpp.obj
 0001:0002e680       ?GetKeyData@ImGui@@YAPEAUImGuiKeyData@@W4ImGuiKey@@@Z 000000014002f680 f i imgui.cpp.obj
 0001:0002e6e0       ?GetKeyName@ImGui@@YAPEBDW4ImGuiKey@@@Z 000000014002f6e0 f   imgui.cpp.obj
 0001:0002e760       ?GetKeyOwnerData@ImGui@@YAPEAUImGuiKeyOwnerData@@PEAUImGuiContext@@W4ImGuiKey@@@Z 000000014002f760 f i imgui.cpp.obj
 0001:0002e7c0       ?GetKeyPressedAmount@ImGui@@YAHW4ImGuiKey@@MM@Z 000000014002f7c0 f   imgui.cpp.obj
 0001:0002e890       ?GetMainViewport@ImGui@@YAPEAUImGuiViewport@@XZ 000000014002f890 f   imgui.cpp.obj
 0001:0002e8b0       ?GetMouseCursor@ImGui@@YAHXZ 000000014002f8b0 f   imgui.cpp.obj
 0001:0002e8c0       ?GetMousePos@ImGui@@YA?AUImVec2@@XZ 000000014002f8c0 f   imgui.cpp.obj
 0001:0002e8e0       ?GetPlatformIO@ImGui@@YAAEAUImGuiPlatformIO@@XZ 000000014002f8e0 f   imgui.cpp.obj
 0001:0002e8f0       ?GetPopupAllowedExtentRect@ImGui@@YA?AUImRect@@PEAUImGuiWindow@@@Z 000000014002f8f0 f   imgui.cpp.obj
 0001:0002eb00       ?GetScrollMaxY@ImGui@@YAMXZ 000000014002fb00 f   imgui.cpp.obj
 0001:0002eb20       ?GetScrollY@ImGui@@YAMXZ   000000014002fb20 f   imgui.cpp.obj
 0001:0002eb40       ?GetShortcutRoutingData@ImGui@@YAPEAUImGuiKeyRoutingData@@H@Z 000000014002fb40 f   imgui.cpp.obj
 0001:0002eca0       ?GetStyle@ImGui@@YAAEAUImGuiStyle@@XZ 000000014002fca0 f   imgui.cpp.obj
 0001:0002ecb0       ?GetTextLineHeight@ImGui@@YAMXZ 000000014002fcb0 f   imgui.cpp.obj
 0001:0002ecc0       ?GetTopMostPopupModal@ImGui@@YAPEAUImGuiWindow@@XZ 000000014002fcc0 f   imgui.cpp.obj
 0001:0002ee90       ?GetVoidPtrRef@ImGuiStorage@@QEAAPEAPEAXIPEAX@Z 000000014002fe90 f   imgui.cpp.obj
 0001:0002ef40       ?GetWindowDrawList@ImGui@@YAPEAUImDrawList@@XZ 000000014002ff40 f   imgui.cpp.obj
 0001:0002ef70       ?ImFileOpen@@YAPEAU_iobuf@@PEBD0@Z 000000014002ff70 f   imgui.cpp.obj
 0001:0002f160       ?ImFormatString@@YAHPEAD_KPEBDZZ 0000000140030160 f   imgui.cpp.obj
 0001:0002f1e0       ?ImFormatStringToTempBuffer@@YAXPEAPEBD0PEBDZZ 00000001400301e0 f   imgui.cpp.obj
 0001:0002f380       ?ImFormatStringToTempBufferV@@YAXPEAPEBD0PEBDPEAD@Z 0000000140030380 f   imgui.cpp.obj
 0001:0002f500       ?ImHashData@@YAIPEBX_KI@Z  0000000140030500 f   imgui.cpp.obj
 0001:0002f550       ?ImHashStr@@YAIPEBD_KI@Z   0000000140030550 f   imgui.cpp.obj
 0001:0002f620       ?ImMemdup@@YAPEAXPEBX_K@Z  0000000140030620 f   imgui.cpp.obj
 0001:0002f690       ?ImStrSkipBlank@@YAPEBDPEBD@Z 0000000140030690 f   imgui.cpp.obj
 0001:0002f6b0       ?ImStrbol@@YAPEBDPEBD0@Z   00000001400306b0 f   imgui.cpp.obj
 0001:0002f6d0       ?ImStrncpy@@YAXPEADPEBD_K@Z 00000001400306d0 f   imgui.cpp.obj
 0001:0002f700       ?ImTextCharFromUtf8@@YAHPEAIPEBD1@Z 0000000140030700 f   imgui.cpp.obj
 0001:0002f890       ?ImTextCharToUtf8@@YAHQEADI@Z 0000000140030890 f   imgui.cpp.obj
 0001:0002f950       ?ImTextCountUtf8BytesFromChar@@YAHPEBD0@Z 0000000140030950 f   imgui.cpp.obj
 0001:0002f980       ?ImTextFindPreviousUtf8Codepoint@@YAPEBDPEBD0@Z 0000000140030980 f   imgui.cpp.obj
 0001:0002f9b0       ?ImTextFindValidUtf8CodepointEnd@@YAPEBDPEBD00@Z 00000001400309b0 f   imgui.cpp.obj
 0001:0002fa20       ?ImTriangleContainsPoint@@YA_NAEBUImVec2@@000@Z 0000000140030a20 f   imgui.cpp.obj
 0001:0002fcd0       ?Initialize@ImGui@@YAXXZ   0000000140030cd0 f   imgui.cpp.obj
 0001:000303b0       ?IsAnyItemActive@ImGui@@YA_NXZ 00000001400313b0 f   imgui.cpp.obj
 0001:000303d0       ?IsAnyItemHovered@ImGui@@YA_NXZ 00000001400313d0 f   imgui.cpp.obj
 0001:000303f0       ?IsClippedEx@ImGui@@YA_NAEBUImRect@@I@Z 00000001400313f0 f   imgui.cpp.obj
 0001:00030470       ?IsItemActive@ImGui@@YA_NXZ 0000000140031470 f   imgui.cpp.obj
 0001:00030490       ?IsItemClicked@ImGui@@YA_NH@Z 0000000140031490 f   imgui.cpp.obj
 0001:000304c0       ?IsItemDeactivatedAfterEdit@ImGui@@YA_NXZ 00000001400314c0 f   imgui.cpp.obj
 0001:00030510       ?IsItemHovered@ImGui@@YA_NH@Z 0000000140031510 f   imgui.cpp.obj
 0001:00030810       ?IsKeyChordPressed@ImGui@@YA_NHHI@Z 0000000140031810 f   imgui.cpp.obj
 0001:000308c0       ?IsKeyDown@ImGui@@YA_NW4ImGuiKey@@@Z 00000001400318c0 f   imgui.cpp.obj
 0001:00030930       ?IsKeyDown@ImGui@@YA_NW4ImGuiKey@@I@Z 0000000140031930 f   imgui.cpp.obj
 0001:00030970       ?IsKeyPressed@ImGui@@YA_NW4ImGuiKey@@HI@Z 0000000140031970 f   imgui.cpp.obj
 0001:00030ae0       ?IsKeyPressed@ImGui@@YA_NW4ImGuiKey@@_N@Z 0000000140031ae0 f   imgui.cpp.obj
 0001:00030af0       ?IsMouseClicked@ImGui@@YA_NHHI@Z 0000000140031af0 f   imgui.cpp.obj
 0001:00030b80       ?IsMouseClicked@ImGui@@YA_NH_N@Z 0000000140031b80 f   imgui.cpp.obj
 0001:00030b90       ?IsMouseDoubleClicked@ImGui@@YA_NH@Z 0000000140031b90 f   imgui.cpp.obj
 0001:00030c00       ?IsMouseDown@ImGui@@YA_NH@Z 0000000140031c00 f   imgui.cpp.obj
 0001:00030c70       ?IsMouseDown@ImGui@@YA_NHI@Z 0000000140031c70 f   imgui.cpp.obj
 0001:00030cb0       ?IsMouseDragPastThreshold@ImGui@@YA_NHM@Z 0000000140031cb0 f   imgui.cpp.obj
 0001:00030ce0       ?IsMouseDragging@ImGui@@YA_NHM@Z 0000000140031ce0 f   imgui.cpp.obj
 0001:00030d20       ?IsMouseHoveringRect@ImGui@@YA_NAEBUImVec2@@0_N@Z 0000000140031d20 f   imgui.cpp.obj
 0001:00030dd0       ?IsMouseReleased@ImGui@@YA_NH@Z 0000000140031dd0 f   imgui.cpp.obj
 0001:00030e40       ?IsMouseReleased@ImGui@@YA_NHI@Z 0000000140031e40 f   imgui.cpp.obj
 0001:00030e80       ?IsPopupOpen@ImGui@@YA_NIH@Z 0000000140031e80 f   imgui.cpp.obj
 0001:00030f10       ?IsPopupOpenRequestForItem@ImGui@@YA_NHI@Z 0000000140031f10 f   imgui.cpp.obj
 0001:00030fd0       ?IsWindowChildOf@ImGui@@YA_NPEAUImGuiWindow@@0_N@Z 0000000140031fd0 f   imgui.cpp.obj
 0001:00031040       ?IsWindowContentHoverable@ImGui@@YA_NPEAUImGuiWindow@@H@Z 0000000140032040 f   imgui.cpp.obj
 0001:000310b0       ?IsWindowHovered@ImGui@@YA_NH@Z 00000001400320b0 f   imgui.cpp.obj
 0001:00031220       ?ItemAdd@ImGui@@YA_NAEBUImRect@@IPEBU2@H@Z 0000000140032220 f   imgui.cpp.obj
 0001:00031520       ?ItemHoverable@ImGui@@YA_NAEBUImRect@@IH@Z 0000000140032520 f   imgui.cpp.obj
 0001:00031810       ?ItemSize@ImGui@@YAXAEBUImVec2@@M@Z 0000000140032810 f   imgui.cpp.obj
 0001:00031980       ?LoadIniSettingsFromMemory@ImGui@@YAXPEBD_K@Z 0000000140032980 f   imgui.cpp.obj
 0001:00031bd0       ?LogRenderedText@ImGui@@YAXPEBUImVec2@@PEBD1@Z 0000000140032bd0 f   imgui.cpp.obj
 0001:00031da0       ?LogSetNextTextDecoration@ImGui@@YAXPEBD0@Z 0000000140032da0 f   imgui.cpp.obj
 0001:00031dc0       ?LogText@ImGui@@YAXPEBDZZ  0000000140032dc0 f   imgui.cpp.obj
 0001:00031ec0       ?MarkIniSettingsDirty@ImGui@@YAXPEAUImGuiWindow@@@Z 0000000140032ec0 f   imgui.cpp.obj
 0001:00031ef0       ?MarkIniSettingsDirty@ImGui@@YAXXZ 0000000140032ef0 f   imgui.cpp.obj
 0001:00031f10       ?MarkItemEdited@ImGui@@YAXI@Z 0000000140032f10 f   imgui.cpp.obj
 0001:00031f70       ?MemAlloc@ImGui@@YAPEAX_K@Z 0000000140032f70 f   imgui.cpp.obj
 0001:00031fc0       ?MemFree@ImGui@@YAXPEAX@Z  0000000140032fc0 f   imgui.cpp.obj
 0001:00032320       ?NavInitWindow@ImGui@@YAXPEAUImGuiWindow@@_N@Z 0000000140033320 f   imgui.cpp.obj
 0001:00032450       ?NavMoveRequestApplyResult@ImGui@@YAXXZ 0000000140033450 f   imgui.cpp.obj
 0001:00032870       ?NavMoveRequestButNoResultYet@ImGui@@YA_NXZ 0000000140033870 f   imgui.cpp.obj
 0001:000328a0       ?NavMoveRequestCancel@ImGui@@YAXXZ 00000001400338a0 f   imgui.cpp.obj
 0001:000328e0       ?NavMoveRequestForward@ImGui@@YAXW4ImGuiDir@@0HH@Z 00000001400338e0 f   imgui.cpp.obj
 0001:00032950       ?NavMoveRequestResolveWithLastItem@ImGui@@YAXPEAUImGuiNavItemData@@@Z 0000000140033950 f   imgui.cpp.obj
 0001:00032a00       ?NavMoveRequestResolveWithPastTreeNode@ImGui@@YAXPEAUImGuiNavItemData@@PEBUImGuiTreeNodeStackData@@@Z 0000000140033a00 f   imgui.cpp.obj
 0001:00032af0       ?NavMoveRequestSubmit@ImGui@@YAXW4ImGuiDir@@0HH@Z 0000000140033af0 f   imgui.cpp.obj
 0001:00032c90       ?NavMoveRequestTryWrapping@ImGui@@YAXPEAUImGuiWindow@@H@Z 0000000140033c90 f   imgui.cpp.obj
 0001:00035240       ?NavUpdateCurrentWindowIsScrollPushableX@ImGui@@YAXXZ 0000000140036240 f   imgui.cpp.obj
 0001:000365f0       ?NewFrame@ImGui@@YAXXZ     00000001400375f0 f   imgui.cpp.obj
 0001:00037da0       ?OpenPopup@ImGui@@YAXPEBDH@Z 0000000140038da0 f   imgui.cpp.obj
 0001:00037e30       ?OpenPopupEx@ImGui@@YAXIH@Z 0000000140038e30 f   imgui.cpp.obj
 0001:00038040       ?Overlaps@ImRect@@QEBA_NAEBU1@@Z 0000000140039040 f i imgui.cpp.obj
 0001:00038070       ?PathLineTo@ImDrawList@@QEAAXAEBUImVec2@@@Z 0000000140039070 f i imgui.cpp.obj
 0001:000385b0       ?PopClipRect@ImGui@@YAXXZ  00000001400395b0 f   imgui.cpp.obj
 0001:00038630       ?PopFocusScope@ImGui@@YAXXZ 0000000140039630 f   imgui.cpp.obj
 0001:00038690       ?PopFont@ImGui@@YAXXZ      0000000140039690 f   imgui.cpp.obj
 0001:00038750       ?PopID@ImGui@@YAXXZ        0000000140039750 f   imgui.cpp.obj
 0001:00038780       ?PopItemFlag@ImGui@@YAXXZ  0000000140039780 f   imgui.cpp.obj
 0001:000387c0       ?PopItemWidth@ImGui@@YAXXZ 00000001400397c0 f   imgui.cpp.obj
 0001:00038810       ?PopStyleColor@ImGui@@YAXH@Z 0000000140039810 f   imgui.cpp.obj
 0001:00038890       ?PopStyleVar@ImGui@@YAXH@Z 0000000140039890 f   imgui.cpp.obj
 0001:00038af0       ?PopTextWrapPos@ImGui@@YAXXZ 0000000140039af0 f   imgui.cpp.obj
 0001:00038b40       ?PushClipRect@ImGui@@YAXAEBUImVec2@@0_N@Z 0000000140039b40 f   imgui.cpp.obj
 0001:00038bd0       ?PushFont@ImGui@@YAXPEAUImFont@@M@Z 0000000140039bd0 f   imgui.cpp.obj
 0001:00038cc0       ?PushID@ImGui@@YAXPEBD@Z   0000000140039cc0 f   imgui.cpp.obj
 0001:00038d70       ?PushItemFlag@ImGui@@YAXH_N@Z 0000000140039d70 f   imgui.cpp.obj
 0001:00038e10       ?PushItemWidth@ImGui@@YAXM@Z 0000000140039e10 f   imgui.cpp.obj
 0001:00038ed0       ?PushStyleColor@ImGui@@YAXHAEBUImVec4@@@Z 0000000140039ed0 f   imgui.cpp.obj
 0001:00038f30       ?PushStyleColor@ImGui@@YAXHI@Z 0000000140039f30 f   imgui.cpp.obj
 0001:00039000       ?PushStyleVar@ImGui@@YAXHAEBUImVec2@@@Z 000000014003a000 f   imgui.cpp.obj
 0001:000390a0       ?PushStyleVar@ImGui@@YAXHM@Z 000000014003a0a0 f   imgui.cpp.obj
 0001:00039130       ?PushStyleVarX@ImGui@@YAXHM@Z 000000014003a130 f   imgui.cpp.obj
 0001:000391d0       ?PushTextWrapPos@ImGui@@YAXM@Z 000000014003a1d0 f   imgui.cpp.obj
 0001:00039270       ?Render@ImGui@@YAXXZ       000000014003a270 f   imgui.cpp.obj
 0001:00039bf0       ?RenderFrame@ImGui@@YAXUImVec2@@0I_NM@Z 000000014003abf0 f   imgui.cpp.obj
 0001:00039da0       ?RenderFrameBorder@ImGui@@YAXUImVec2@@0M@Z 000000014003ada0 f   imgui.cpp.obj
 0001:00039ef0       ?RenderMouseCursor@ImGui@@YAXUImVec2@@MHIII@Z 000000014003aef0 f   imgui.cpp.obj
 0001:0003a440       ?RenderNavCursor@ImGui@@YAXAEBUImRect@@IHM@Z 000000014003b440 f   imgui.cpp.obj
 0001:0003a6f0       ?RenderText@ImGui@@YAXUImVec2@@PEBD1_N@Z 000000014003b6f0 f   imgui.cpp.obj
 0001:0003a9b0       ?RenderTextClipped@ImGui@@YAXAEBUImVec2@@0PEBD1PEBU2@0PEBUImRect@@@Z 000000014003b9b0 f   imgui.cpp.obj
 0001:0003ac20       ?RenderTextClippedEx@ImGui@@YAXPEAUImDrawList@@AEBUImVec2@@1PEBD2PEBU3@1PEBUImRect@@@Z 000000014003bc20 f   imgui.cpp.obj
 0001:0003aea0       ?RenderTextEllipsis@ImGui@@YAXPEAUImDrawList@@AEBUImVec2@@1MPEBD2PEBU3@@Z 000000014003bea0 f   imgui.cpp.obj
 0001:0003b350       ?RenderTextWrapped@ImGui@@YAXUImVec2@@PEBD1M@Z 000000014003c350 f   imgui.cpp.obj
 0001:0003c5c0       ?SameLine@ImGui@@YAXMM@Z   000000014003d5c0 f   imgui.cpp.obj
 0001:0003c670       ?SaveIniSettingsToDisk@ImGui@@YAXPEBD@Z 000000014003d670 f   imgui.cpp.obj
 0001:0003c6f0       ?SaveIniSettingsToMemory@ImGui@@YAPEBDPEA_K@Z 000000014003d6f0 f   imgui.cpp.obj
 0001:0003c7e0       ?ScrollToRectEx@ImGui@@YA?AUImVec2@@PEAUImGuiWindow@@AEBUImRect@@H@Z 000000014003d7e0 f   imgui.cpp.obj
 0001:0003ccd0       ?SetActiveID@ImGui@@YAXIPEAUImGuiWindow@@@Z 000000014003dcd0 f   imgui.cpp.obj
 0001:0003cec0       ?SetClipboardText@ImGui@@YAXPEBD@Z 000000014003dec0 f   imgui.cpp.obj
 0001:0003cee0       ?SetCurrentContext@ImGui@@YAXPEAUImGuiContext@@@Z 000000014003dee0 f   imgui.cpp.obj
 0001:0003cef0       ?SetCurrentFont@ImGui@@YAXPEAUImFont@@MM@Z 000000014003def0 f   imgui.cpp.obj
 0001:0003d0a0       ?SetCursorPosX@ImGui@@YAXM@Z 000000014003e0a0 f   imgui.cpp.obj
 0001:0003d0e0       ?SetFocusID@ImGui@@YAXIPEAUImGuiWindow@@@Z 000000014003e0e0 f   imgui.cpp.obj
 0001:0003d210       ?SetHoveredID@ImGui@@YAXI@Z 000000014003e210 f   imgui.cpp.obj
 0001:0003d240       ?SetItemTooltip@ImGui@@YAXPEBDZZ 000000014003e240 f   imgui.cpp.obj
 0001:0003d2b0       ?SetKeyOwner@ImGui@@YAXW4ImGuiKey@@IH@Z 000000014003e2b0 f   imgui.cpp.obj
 0001:0003d350       ?SetKeyOwnersForKeyChord@ImGui@@YAXHIH@Z 000000014003e350 f   imgui.cpp.obj
 0001:0003d4b0       ?SetMouseCursor@ImGui@@YAXH@Z 000000014003e4b0 f   imgui.cpp.obj
 0001:0003d4c0       ?SetNavCursorVisibleAfterMove@ImGui@@YAXXZ 000000014003e4c0 f   imgui.cpp.obj
 0001:0003d530       ?SetNavFocusScope@ImGui@@YAXI@Z 000000014003e530 f   imgui.cpp.obj
 0001:0003d700       ?SetNavID@ImGui@@YAXIW4ImGuiNavLayer@@IAEBUImRect@@@Z 000000014003e700 f   imgui.cpp.obj
 0001:0003d7b0       ?SetNavWindow@ImGui@@YAXPEAUImGuiWindow@@@Z 000000014003e7b0 f   imgui.cpp.obj
 0001:0003d860       ?SetNextWindowPos@ImGui@@YAXAEBUImVec2@@H0@Z 000000014003e860 f   imgui.cpp.obj
 0001:0003d8a0       ?SetNextWindowSize@ImGui@@YAXAEBUImVec2@@H@Z 000000014003e8a0 f   imgui.cpp.obj
 0001:0003d8d0       ?SetNextWindowSizeConstraints@ImGui@@YAXAEBUImVec2@@0P6AXPEAUImGuiSizeCallbackData@@@ZPEAX@Z 000000014003e8d0 f   imgui.cpp.obj
 0001:0003d900       ?SetScrollFromPosX@ImGui@@YAXPEAUImGuiWindow@@MM@Z 000000014003e900 f   imgui.cpp.obj
 0001:0003d940       ?SetScrollHereY@ImGui@@YAXM@Z 000000014003e940 f   imgui.cpp.obj
 0001:0003d9e0       ?SetScrollX@ImGui@@YAXPEAUImGuiWindow@@M@Z 000000014003e9e0 f   imgui.cpp.obj
 0001:0003da00       ?SetScrollY@ImGui@@YAXPEAUImGuiWindow@@M@Z 000000014003ea00 f   imgui.cpp.obj
 0001:0003da20       ?SetShortcutRouting@ImGui@@YA_NHHI@Z 000000014003ea20 f   imgui.cpp.obj
 0001:0003dcd0       ?SetTooltip@ImGui@@YAXPEBDZZ 000000014003ecd0 f   imgui.cpp.obj
 0001:0003dd20       ?SetVoidPtr@ImGuiStorage@@QEAAXIPEAX@Z 000000014003ed20 f   imgui.cpp.obj
 0001:0003de30       ?SetWindowPos@ImGui@@YAXPEAUImGuiWindow@@AEBUImVec2@@H@Z 000000014003ee30 f   imgui.cpp.obj
 0001:0003df80       ?SetWindowSize@ImGui@@YAXPEAUImGuiWindow@@AEBUImVec2@@H@Z 000000014003ef80 f   imgui.cpp.obj
 0001:0003e0a0       ?Shortcut@ImGui@@YA_NHHI@Z 000000014003f0a0 f   imgui.cpp.obj
 0001:0003e150       ?Shutdown@ImGui@@YAXXZ     000000014003f150 f   imgui.cpp.obj
 0001:0003e930       ?StartMouseMovingWindow@ImGui@@YAXPEAUImGuiWindow@@@Z 000000014003f930 f   imgui.cpp.obj
 0001:0003ea00       ?TestKeyOwner@ImGui@@YA_NW4ImGuiKey@@I@Z 000000014003fa00 f   imgui.cpp.obj
 0001:0003eab0       ?Unindent@ImGui@@YAXM@Z    000000014003fab0 f   imgui.cpp.obj
 0001:0003eb10       ?UpdateCurrentFontSize@ImGui@@YAXM@Z 000000014003fb10 f   imgui.cpp.obj
 0001:0003ec70       ?UpdateHoveredWindowAndCaptureFlags@ImGui@@YAXAEBUImVec2@@@Z 000000014003fc70 f   imgui.cpp.obj
 0001:0003f0e0       ?UpdateInputEvents@ImGui@@YAX_N@Z 00000001400400e0 f   imgui.cpp.obj
 0001:00040240       ?UpdateMouseMovingWindowEndFrame@ImGui@@YAXXZ 0000000140041240 f   imgui.cpp.obj
 0001:000427f0       ?append@ImGuiTextBuffer@@QEAAXPEBD0@Z 00000001400437f0 f   imgui.cpp.obj
 0001:000428a0       ?appendf@ImGuiTextBuffer@@QEAAXPEBDZZ 00000001400438a0 f   imgui.cpp.obj
 0001:000428d0       ?appendfv@ImGuiTextBuffer@@QEAAXPEBDPEAD@Z 00000001400438d0 f   imgui.cpp.obj
 0001:00042a00       ?clear_destruct@?$ImVector@UImGuiMultiSelectTempData@@@@QEAAXXZ 0000000140043a00 f i imgui.cpp.obj
 0001:00042a70       ?insert@?$ImVector@UImGuiStoragePair@@@@QEAAPEAUImGuiStoragePair@@PEBU2@AEBU2@@Z 0000000140043a70 f i imgui.cpp.obj
 0001:00042ba0       ?push_back@?$ImVector@H@@QEAAXAEBH@Z 0000000140043ba0 f i imgui.cpp.obj
 0001:00042c00       ?push_back@?$ImVector@UImDrawCmd@@@@QEAAXAEBUImDrawCmd@@@Z 0000000140043c00 f i imgui.cpp.obj
 0001:00042c90       ?push_back@?$ImVector@UImFontStackData@@@@QEAAXAEBUImFontStackData@@@Z 0000000140043c90 f i imgui.cpp.obj
 0001:00042d80       ?push_back@?$ImVector@UImGuiColorMod@@@@QEAAXAEBUImGuiColorMod@@@Z 0000000140043d80 f i imgui.cpp.obj
 0001:00042e80       ?push_back@?$ImVector@UImGuiPopupData@@@@QEAAXAEBUImGuiPopupData@@@Z 0000000140043e80 f i imgui.cpp.obj
 0001:00042f00       ?push_back@?$ImVector@UImGuiStyleMod@@@@QEAAXAEBUImGuiStyleMod@@@Z 0000000140043f00 f i imgui.cpp.obj
 0001:00043000       ?push_back@?$ImVector@UImVec2@@@@QEAAXAEBUImVec2@@@Z 0000000140044000 f i imgui.cpp.obj
 0001:000430f0       ?reserve@?$ImVector@D@@QEAAXH@Z 00000001400440f0 f i imgui.cpp.obj
 0001:00043180       ?reserve@?$ImVector@G@@QEAAXH@Z 0000000140044180 f i imgui.cpp.obj
 0001:00043220       ?reserve@?$ImVector@H@@QEAAXH@Z 0000000140044220 f i imgui.cpp.obj
 0001:00043220       ?reserve@?$ImVector@I@@QEAAXH@Z 0000000140044220 f i imgui.cpp.obj
 0001:00043220       ?reserve@?$ImVector@M@@QEAAXH@Z 0000000140044220 f i imgui.cpp.obj
 0001:000432c0       ?reserve@?$ImVector@PEAUImDrawList@@@@QEAAXH@Z 00000001400442c0 f i imgui.cpp.obj
 0001:000432c0       ?reserve@?$ImVector@PEAUImGuiWindow@@@@QEAAXH@Z 00000001400442c0 f i imgui.cpp.obj
 0001:000432c0       ?reserve@?$ImVector@PEAUImTextureData@@@@QEAAXH@Z 00000001400442c0 f i imgui.cpp.obj
 0001:000432c0       ?reserve@?$ImVector@UImGuiFocusScopeData@@@@QEAAXH@Z 00000001400442c0 f i imgui.cpp.obj
 0001:000432c0       ?reserve@?$ImVector@UImVec2@@@@QEAAXH@Z 00000001400442c0 f i imgui.cpp.obj
 0001:00043360       ?reserve@?$ImVector@UImDrawCmd@@@@QEAAXH@Z 0000000140044360 f i imgui.cpp.obj
 0001:00043400       ?reserve@?$ImVector@UImGuiInputEvent@@@@QEAAXH@Z 0000000140044400 f i imgui.cpp.obj
 0001:000434a0       ?reserve@?$ImVector@UImGuiKeyRoutingData@@@@QEAAXH@Z 00000001400444a0 f i imgui.cpp.obj
 0001:00043540       ?reserve@?$ImVector@UImGuiPopupData@@@@QEAAXH@Z 0000000140044540 f i imgui.cpp.obj
 0001:000435e0       ?reserve@?$ImVector@UImGuiStackLevelInfo@@@@QEAAXH@Z 00000001400445e0 f i imgui.cpp.obj
 0001:00043680       ?resize@?$ImVector@D@@QEAAXH@Z 0000000140044680 f i imgui.cpp.obj
 0001:000436d0       ?resize@?$ImVector@D@@QEAAXHAEBD@Z 00000001400446d0 f i imgui.cpp.obj
 0001:000437d0       ?resize@?$ImVector@E@@QEAAXH@Z 00000001400447d0 f i imgui.cpp.obj
 0001:000438c0       ?resize@?$ImVector@G@@QEAAXH@Z 00000001400448c0 f i imgui.cpp.obj
 0001:00043910       ?resize@?$ImVector@PEAUImDrawList@@@@QEAAXH@Z 0000000140044910 f i imgui.cpp.obj
 0001:00043a10       ?resize@?$ImVector@UImGuiGroupData@@@@QEAAXH@Z 0000000140044a10 f i imgui.cpp.obj
 0001:00043b00       ?resize@?$ImVector@UImGuiWindowStackData@@@@QEAAXH@Z 0000000140044b00 f i imgui.cpp.obj
 0001:00043bf0       __local_stdio_scanf_options 0000000140044bf0 f i imgui.cpp.obj
 0001:00043c00       printf                     0000000140044c00 f i imgui.cpp.obj
 0001:00043c60       sscanf                     0000000140044c60 f i imgui.cpp.obj
 0001:00043cc0       ??0ImDrawList@@QEAA@PEAUImDrawListSharedData@@@Z 0000000140044cc0 f   imgui_draw.cpp.obj
 0001:00043d70       ??0ImDrawListSharedData@@QEAA@XZ 0000000140044d70 f   imgui_draw.cpp.obj
 0001:00043f80       ??0ImFontAtlas@@QEAA@XZ    0000000140044f80 f   imgui_draw.cpp.obj
 0001:00044210       ??0ImFontBaked@@QEAA@XZ    0000000140045210 f   imgui_draw.cpp.obj
 0001:00044240       ??0ImFontConfig@@QEAA@XZ   0000000140045240 f   imgui_draw.cpp.obj
 0001:00044290       ??1?$ImStableVector@UImFontBaked@@$0CA@@@QEAA@XZ 0000000140045290 f i imgui_draw.cpp.obj
 0001:000442f0       ??1ImDrawList@@QEAA@XZ     00000001400452f0 f   imgui_draw.cpp.obj
 0001:000444c0       ??1ImDrawListSharedData@@QEAA@XZ 00000001400454c0 f   imgui_draw.cpp.obj
 0001:000444f0       ??1ImFontAtlas@@QEAA@XZ    00000001400454f0 f   imgui_draw.cpp.obj
 0001:000445d0       ??4?$ImVector@UImFontAtlasRectEntry@@@@QEAAAEAU0@AEBU0@@Z 00000001400455d0 f i imgui_draw.cpp.obj
 0001:000446d0       ?AddCircleFilled@ImDrawList@@QEAAXAEBUImVec2@@MIH@Z 00000001400456d0 f   imgui_draw.cpp.obj
 0001:000447a0       ?AddConvexPolyFilled@ImDrawList@@QEAAXPEBUImVec2@@HI@Z 00000001400457a0 f   imgui_draw.cpp.obj
 0001:00044d30       ?AddCustomRect@ImFontAtlas@@QEAAHHHPEAUImFontAtlasRect@@@Z 0000000140045d30 f   imgui_draw.cpp.obj
 0001:00044e50       ?AddDrawCmd@ImDrawList@@QEAAXXZ 0000000140045e50 f   imgui_draw.cpp.obj
 0001:00044f10       ?AddDrawListToDrawDataEx@ImGui@@YAXPEAUImDrawData@@PEAU?$ImVector@PEAUImDrawList@@@@PEAUImDrawList@@@Z 0000000140045f10 f   imgui_draw.cpp.obj
 0001:00045000       ?AddFont@ImFontAtlas@@QEAAPEAUImFont@@PEBUImFontConfig@@@Z 0000000140046000 f   imgui_draw.cpp.obj
 0001:000453d0       ?AddFontDefault@ImFontAtlas@@QEAAPEAUImFont@@PEBUImFontConfig@@@Z 00000001400463d0 f   imgui_draw.cpp.obj
 0001:000457b0       ?AddFontFromMemoryCompressedTTF@ImFontAtlas@@QEAAPEAUImFont@@PEBXHMPEBUImFontConfig@@PEBG@Z 00000001400467b0 f   imgui_draw.cpp.obj
 0001:00045a80       ?AddFontFromMemoryTTF@ImFontAtlas@@QEAAPEAUImFont@@PEAXHMPEBUImFontConfig@@PEBG@Z 0000000140046a80 f   imgui_draw.cpp.obj
 0001:00045c00       ?AddImage@ImDrawList@@QEAAXUImTextureRef@@AEBUImVec2@@111I@Z 0000000140046c00 f   imgui_draw.cpp.obj
 0001:00045d30       ?AddImageRounded@ImDrawList@@QEAAXUImTextureRef@@AEBUImVec2@@111IMH@Z 0000000140046d30 f   imgui_draw.cpp.obj
 0001:00045f60       ?AddLine@ImDrawList@@QEAAXAEBUImVec2@@0IM@Z 0000000140046f60 f   imgui_draw.cpp.obj
 0001:00045fc0       ?AddLineH@ImDrawList@@QEAAXMMMIM@Z 0000000140046fc0 f   imgui_draw.cpp.obj
 0001:00046030       ?AddLineV@ImDrawList@@QEAAXMMMIM@Z 0000000140047030 f   imgui_draw.cpp.obj
 0001:000460a0       ?AddPolyline@ImDrawList@@QEAAXPEBUImVec2@@HIMH@Z 00000001400470a0 f   imgui_draw.cpp.obj
 0001:00046f00       ?AddRect@ImDrawList@@QEAAXAEBUImVec2@@0IMMH@Z 0000000140047f00 f   imgui_draw.cpp.obj
 0001:00047010       ?AddRectFilled@ImDrawList@@QEAAXAEBUImVec2@@0IMH@Z 0000000140048010 f   imgui_draw.cpp.obj
 0001:000471b0       ?AddRectFilledMultiColor@ImDrawList@@QEAAXAEBUImVec2@@0IIII@Z 00000001400481b0 f   imgui_draw.cpp.obj
 0001:00047370       ?AddText@ImDrawList@@QEAAXAEBUImVec2@@IPEBD1@Z 0000000140048370 f   imgui_draw.cpp.obj
 0001:000473f0       ?AddText@ImDrawList@@QEAAXPEAUImFont@@MAEBUImVec2@@IPEBD2MPEBUImVec4@@@Z 00000001400483f0 f   imgui_draw.cpp.obj
 0001:000474f0       ?Build@ImFontAtlas@@QEAA_NXZ 00000001400484f0 f   imgui_draw.cpp.obj
 0001:00047500       ?CalcRoundingFlagsForRectInRect@ImGui@@YAHAEBUImRect@@0M@Z 0000000140048500 f   imgui_draw.cpp.obj
 0001:000475b0       ?CalcTextSizeA@ImFont@@QEAA?AUImVec2@@MMMPEBD0PEAPEBD@Z 00000001400485b0 f   imgui_draw.cpp.obj
 0001:00047620       ?Clear@ImDrawData@@QEAAXXZ 0000000140048620 f   imgui_draw.cpp.obj
 0001:00047690       ?ClearFonts@ImFontAtlas@@QEAAXXZ 0000000140048690 f   imgui_draw.cpp.obj
 0001:000478b0       ?ClearFreeMemory@ImDrawListSplitter@@QEAAXXZ 00000001400488b0 f   imgui_draw.cpp.obj
 0001:00047980       ?ClearTexData@ImFontAtlas@@QEAAXXZ 0000000140048980 f   imgui_draw.cpp.obj
 0001:000479f0       ?CompactCache@ImFontAtlas@@QEAAXXZ 00000001400489f0 f   imgui_draw.cpp.obj
 0001:00047a50       ?FindGlyph@ImFontBaked@@QEAAPEAUImFontGlyph@@G@Z 0000000140048a50 f   imgui_draw.cpp.obj
 0001:00047ad0       ?FindGlyphNoFallback@ImFontBaked@@QEAAPEAUImFontGlyph@@G@Z 0000000140048ad0 f   imgui_draw.cpp.obj
 0001:00047b40       ?GetCharAdvance@ImFontBaked@@QEAAMG@Z 0000000140048b40 f   imgui_draw.cpp.obj
 0001:00047b70       ?GetFontBaked@ImFont@@QEAAPEAUImFontBaked@@MM@Z 0000000140048b70 f   imgui_draw.cpp.obj
 0001:00047ce0       ?ImFontAtlasAddDrawListSharedData@@YAXPEAUImFontAtlas@@PEAUImDrawListSharedData@@@Z 0000000140048ce0 f   imgui_draw.cpp.obj
 0001:00047da0       ?ImFontAtlasBakedAdd@@YAPEAUImFontBaked@@PEAUImFontAtlas@@PEAUImFont@@MMI@Z 0000000140048da0 f   imgui_draw.cpp.obj
 0001:000481e0       ?ImFontAtlasBakedAddFontGlyph@@YAPEAUImFontGlyph@@PEAUImFontAtlas@@PEAUImFontBaked@@PEAUImFontConfig@@PEBU1@@Z 00000001400491e0 f   imgui_draw.cpp.obj
 0001:00048480       ?ImFontAtlasBakedDiscard@@YAXPEAUImFontAtlas@@PEAUImFont@@PEAUImFontBaked@@@Z 0000000140049480 f   imgui_draw.cpp.obj
 0001:00048620       ?ImFontAtlasBakedGetClosestMatch@@YAPEAUImFontBaked@@PEAUImFontAtlas@@PEAUImFont@@MM@Z 0000000140049620 f   imgui_draw.cpp.obj
 0001:000488f0       ?ImFontAtlasBakedSetFontGlyphBitmap@@YAXPEAUImFontAtlas@@PEAUImFontBaked@@PEAUImFontConfig@@PEAUImFontGlyph@@PEAUImTextureRect@@PEBEW4ImTextureFormat@@H@Z 00000001400498f0 f   imgui_draw.cpp.obj
 0001:00048b40       ?ImFontAtlasBuildDestroy@@YAXPEAUImFontAtlas@@@Z 0000000140049b40 f   imgui_draw.cpp.obj
 0001:00048c40       ?ImFontAtlasBuildDiscardBakes@@YAXPEAUImFontAtlas@@H@Z 0000000140049c40 f   imgui_draw.cpp.obj
 0001:00048ce0       ?ImFontAtlasBuildInit@@YAXPEAUImFontAtlas@@@Z 0000000140049ce0 f   imgui_draw.cpp.obj
 0001:00048fe0       ?ImFontAtlasBuildLegacyPreloadAllGlyphRanges@@YAXPEAUImFontAtlas@@@Z 0000000140049fe0 f   imgui_draw.cpp.obj
 0001:00049180       ?ImFontAtlasBuildMain@@YAXPEAUImFontAtlas@@@Z 000000014004a180 f   imgui_draw.cpp.obj
 0001:00049370       ?ImFontAtlasBuildNotifySetFont@@YAXPEAUImFontAtlas@@PEAUImFont@@1@Z 000000014004a370 f   imgui_draw.cpp.obj
 0001:00049a10       ?ImFontAtlasBuildSetupFontLoader@@YAXPEAUImFontAtlas@@PEBUImFontLoader@@@Z 000000014004aa10 f   imgui_draw.cpp.obj
 0001:00049c10       ?ImFontAtlasBuildSetupFontSpecialGlyphs@@YAXPEAUImFontAtlas@@PEAUImFont@@PEAUImFontConfig@@@Z 000000014004ac10 f   imgui_draw.cpp.obj
 0001:00049e00       ?ImFontAtlasBuildUpdatePointers@@YAXPEAUImFontAtlas@@@Z 000000014004ae00 f   imgui_draw.cpp.obj
 0001:0004a720       ?ImFontAtlasDebugLogTextureRequests@@YAXPEAUImFontAtlas@@@Z 000000014004b720 f   imgui_draw.cpp.obj
 0001:0004a850       ?ImFontAtlasFontDestroyOutput@@YAXPEAUImFontAtlas@@PEAUImFont@@@Z 000000014004b850 f   imgui_draw.cpp.obj
 0001:0004a8f0       ?ImFontAtlasFontDiscardBakes@@YAXPEAUImFontAtlas@@PEAUImFont@@H@Z 000000014004b8f0 f   imgui_draw.cpp.obj
 0001:0004a9a0       ?ImFontAtlasGetMouseCursorTexData@@YA_NPEAUImFontAtlas@@HPEAUImVec2@@1QEAU2@2@Z 000000014004b9a0 f   imgui_draw.cpp.obj
 0001:0004aaf0       ?ImFontAtlasPackAddRect@@YAHPEAUImFontAtlas@@HHPEAUImFontAtlasRectEntry@@@Z 000000014004baf0 f   imgui_draw.cpp.obj
 0001:0004adf0       ?ImFontAtlasPackDiscardRect@@YAXPEAUImFontAtlas@@H@Z 000000014004bdf0 f   imgui_draw.cpp.obj
 0001:0004aed0       ?ImFontAtlasPackGetRectSafe@@YAPEAUImTextureRect@@PEAUImFontAtlas@@H@Z 000000014004bed0 f   imgui_draw.cpp.obj
 0001:0004af70       ?ImFontAtlasPackInit@@YAXPEAUImFontAtlas@@@Z 000000014004bf70 f   imgui_draw.cpp.obj
 0001:0004b050       ?ImFontAtlasRemoveDrawListSharedData@@YAXPEAUImFontAtlas@@PEAUImDrawListSharedData@@@Z 000000014004c050 f   imgui_draw.cpp.obj
 0001:0004b0c0       ?ImFontAtlasTextureAdd@@YAPEAUImTextureData@@PEAUImFontAtlas@@HH@Z 000000014004c0c0 f   imgui_draw.cpp.obj
 0001:0004b280       ?ImFontAtlasTextureBlockCopy@@YAXPEAUImTextureData@@HH0HHHH@Z 000000014004c280 f   imgui_draw.cpp.obj
 0001:0004b330       ?ImFontAtlasTextureBlockPostProcessMultiply@@YAXPEAUImFontAtlasPostProcessData@@M@Z 000000014004c330 f   imgui_draw.cpp.obj
 0001:0004b680       ?ImFontAtlasTextureGetSizeEstimate@@YA?AUImVec2i@@PEAUImFontAtlas@@@Z 000000014004c680 f   imgui_draw.cpp.obj
 0001:0004b8e0       ?ImFontAtlasTextureGrow@@YAXPEAUImFontAtlas@@HH@Z 000000014004c8e0 f   imgui_draw.cpp.obj
 0001:0004b9f0       ?ImFontAtlasTextureRepack@@YAXPEAUImFontAtlas@@HH@Z 000000014004c9f0 f   imgui_draw.cpp.obj
 0001:0004be00       ?ImFontAtlasUpdateDrawListsSharedData@@YAXPEAUImFontAtlas@@@Z 000000014004ce00 f   imgui_draw.cpp.obj
 0001:0004be50       ?ImFontAtlasUpdateNewFrame@@YAXPEAUImFontAtlas@@H_N@Z 000000014004ce50 f   imgui_draw.cpp.obj
 0001:0004c6d0       ?ImFontCalcTextSizeEx@@YA?AUImVec2@@PEAUImFont@@MMMPEBD11PEAPEBDPEAU1@H@Z 000000014004d6d0 f   imgui_draw.cpp.obj
 0001:0004ca60       ?ImFontCalcWordWrapPositionEx@@YAPEBDPEAUImFont@@MPEBD1MH@Z 000000014004da60 f   imgui_draw.cpp.obj
 0001:0004d720       ?ImTextInitClassifiers@@YAXXZ 000000014004e720 f   imgui_draw.cpp.obj
 0001:0004dbb0       ?ImTextureDataQueueUpload@@YAXPEAUImTextureData@@HHHH@Z 000000014004ebb0 f   imgui_draw.cpp.obj
 0001:0004dd40       ?ImTextureDataUpdateNewFrame@@YA_NPEAUImTextureData@@@Z 000000014004ed40 f   imgui_draw.cpp.obj
 0001:0004de00       ?Merge@ImDrawListSplitter@@QEAAXPEAUImDrawList@@@Z 000000014004ee00 f   imgui_draw.cpp.obj
 0001:0004e250       ?PathArcTo@ImDrawList@@QEAAXAEBUImVec2@@MMMH@Z 000000014004f250 f   imgui_draw.cpp.obj
 0001:0004e5f0       ?PathArcToFast@ImDrawList@@QEAAXAEBUImVec2@@MHH@Z 000000014004f5f0 f   imgui_draw.cpp.obj
 0001:0004e6a0       ?PathRect@ImDrawList@@QEAAXAEBUImVec2@@0MH@Z 000000014004f6a0 f   imgui_draw.cpp.obj
 0001:0004e960       ?PopClipRect@ImDrawList@@QEAAXXZ 000000014004f960 f   imgui_draw.cpp.obj
 0001:0004e9b0       ?PopTexture@ImDrawList@@QEAAXXZ 000000014004f9b0 f   imgui_draw.cpp.obj
 0001:0004ea10       ?PrimRectUV@ImDrawList@@QEAAXAEBUImVec2@@000I@Z 000000014004fa10 f   imgui_draw.cpp.obj
 0001:0004eb70       ?PrimReserve@ImDrawList@@QEAAXHH@Z 000000014004fb70 f   imgui_draw.cpp.obj
 0001:0004ec20       ?PushClipRect@ImDrawList@@QEAAXAEBUImVec2@@0_N@Z 000000014004fc20 f   imgui_draw.cpp.obj
 0001:0004ed60       ?PushTexture@ImDrawList@@QEAAXUImTextureRef@@@Z 000000014004fd60 f   imgui_draw.cpp.obj
 0001:0004edf0       ?RenderArrow@ImGui@@YAXPEAUImDrawList@@UImVec2@@IW4ImGuiDir@@M@Z 000000014004fdf0 f   imgui_draw.cpp.obj
 0001:0004efd0       ?RenderBullet@ImGui@@YAXPEAUImDrawList@@UImVec2@@I@Z 000000014004ffd0 f   imgui_draw.cpp.obj
 0001:0004f0d0       ?RenderChar@ImFont@@QEAAXPEAUImDrawList@@MAEBUImVec2@@IGPEBUImVec4@@@Z 00000001400500d0 f   imgui_draw.cpp.obj
 0001:0004f3f0       ?RenderCheckMark@ImGui@@YAXPEAUImDrawList@@UImVec2@@IM@Z 00000001400503f0 f   imgui_draw.cpp.obj
 0001:0004f550       ?RenderText@ImFont@@QEAAXPEAUImDrawList@@MAEBUImVec2@@IAEBUImVec4@@PEBD3MH@Z 0000000140050550 f   imgui_draw.cpp.obj
 0001:0004fd40       ?SetCircleTessellationMaxError@ImDrawListSharedData@@QEAAXM@Z 0000000140050d40 f   imgui_draw.cpp.obj
 0001:0004fe40       ?SetCurrentChannel@ImDrawListSplitter@@QEAAXPEAUImDrawList@@H@Z 0000000140050e40 f   imgui_draw.cpp.obj
 0001:0004ff20       ?ShadeVertsLinearUV@ImGui@@YAXPEAUImDrawList@@HHAEBUImVec2@@111_N@Z 0000000140050f20 f   imgui_draw.cpp.obj
 0001:00050370       ?Split@ImDrawListSplitter@@QEAAXPEAUImDrawList@@H@Z 0000000140051370 f   imgui_draw.cpp.obj
 0001:000504f0       ?StyleColorsDark@ImGui@@YAXPEAUImGuiStyle@@@Z 00000001400514f0 f   imgui_draw.cpp.obj
 0001:00050df0       ?_CalcCircleAutoSegmentCount@ImDrawList@@QEBAHM@Z 0000000140051df0 f   imgui_draw.cpp.obj
 0001:00050e80       ?_ClearFreeMemory@ImDrawList@@QEAAXXZ 0000000140051e80 f   imgui_draw.cpp.obj
 0001:00050f70       ?_OnChangedClipRect@ImDrawList@@QEAAXXZ 0000000140051f70 f   imgui_draw.cpp.obj
 0001:00051020       ?_OnChangedTexture@ImDrawList@@QEAAXXZ 0000000140052020 f   imgui_draw.cpp.obj
 0001:000510e0       ?_PathArcToFastEx@ImDrawList@@QEAAXAEBUImVec2@@MHHH@Z 00000001400520e0 f   imgui_draw.cpp.obj
 0001:000513c0       ?_PathArcToN@ImDrawList@@QEAAXAEBUImVec2@@MMMH@Z 00000001400523c0 f   imgui_draw.cpp.obj
 0001:00051590       ?_PopUnusedDrawCmd@ImDrawList@@QEAAXXZ 0000000140052590 f   imgui_draw.cpp.obj
 0001:000515d0       ?_ResetForNewFrame@ImDrawList@@QEAAXXZ 00000001400525d0 f   imgui_draw.cpp.obj
 0001:00051740       ?_SetDrawListSharedData@ImDrawList@@QEAAXPEAUImDrawListSharedData@@@Z 0000000140052740 f   imgui_draw.cpp.obj
 0001:00051800       ?_SetTexture@ImDrawList@@QEAAXUImTextureRef@@@Z 0000000140052800 f   imgui_draw.cpp.obj
 0001:00051890       ?reserve@?$ImVector@PEAUImFontConfig@@@@QEAAXH@Z 0000000140052890 f i imgui_draw.cpp.obj
 0001:00051890       ?reserve@?$ImVector@UImTextureRect@@@@QEAAXH@Z 0000000140052890 f i imgui_draw.cpp.obj
 0001:00051900       ?reserve@?$ImVector@UImDrawChannel@@@@QEAAXH@Z 0000000140052900 f i imgui_draw.cpp.obj
 0001:00051970       ?reserve@?$ImVector@UImTextureRef@@@@QEAAXH@Z 0000000140052970 f i imgui_draw.cpp.obj
 0001:00051970       ?reserve@?$ImVector@UImVec4@@@@QEAAXH@Z 0000000140052970 f i imgui_draw.cpp.obj
 0001:000519e0       ?reserve_discard@?$ImVector@UImVec2@@@@QEAAXH@Z 00000001400529e0 f i imgui_draw.cpp.obj
 0001:00051a30       ?resize@?$ImVector@UImDrawVert@@@@QEAAXH@Z 0000000140052a30 f i imgui_draw.cpp.obj
 0001:00051af0       ?resize@?$ImVector@UImFontAtlasRectEntry@@@@QEAAXH@Z 0000000140052af0 f i imgui_draw.cpp.obj
 0001:00058210       ?EndColumns@ImGui@@YAXXZ   0000000140059210 f   imgui_tables.cpp.obj
 0001:000586b0       ?EndTable@ImGui@@YAXXZ     00000001400596b0 f   imgui_tables.cpp.obj
 0001:00058f70       ?PopColumnsBackground@ImGui@@YAXXZ 0000000140059f70 f   imgui_tables.cpp.obj
 0001:00059020       ?PushColumnsBackground@ImGui@@YAXXZ 000000014005a020 f   imgui_tables.cpp.obj
 0001:000590e0       ?SetColumnOffset@ImGui@@YAXHM@Z 000000014005a0e0 f   imgui_tables.cpp.obj
 0001:00059200       ?TableApplyQueuedRequests@ImGui@@YAXPEAUImGuiTable@@@Z 000000014005a200 f   imgui_tables.cpp.obj
 0001:00059410       ?TableDrawBorders@ImGui@@YAXPEAUImGuiTable@@@Z 000000014005a410 f   imgui_tables.cpp.obj
 0001:000598e0       ?TableDrawDefaultContextMenu@ImGui@@YAXPEAUImGuiTable@@H@Z 000000014005a8e0 f   imgui_tables.cpp.obj
 0001:0005a090       ?TableEndCell@ImGui@@YAXPEAUImGuiTable@@@Z 000000014005b090 f   imgui_tables.cpp.obj
 0001:0005a160       ?TableEndRow@ImGui@@YAXPEAUImGuiTable@@@Z 000000014005b160 f   imgui_tables.cpp.obj
 0001:0005a820       ?TableFixDisplayOrder@ImGui@@YAXPEAUImGuiTable@@@Z 000000014005b820 f   imgui_tables.cpp.obj
 0001:0005a9a0       ?TableGcCompactSettings@ImGui@@YAXXZ 000000014005b9a0 f   imgui_tables.cpp.obj
 0001:0005abd0       ?TableGcCompactTransientBuffers@ImGui@@YAXPEAUImGuiTable@@@Z 000000014005bbd0 f   imgui_tables.cpp.obj
 0001:0005acb0       ?TableGcCompactTransientBuffers@ImGui@@YAXPEAUImGuiTableTempData@@@Z 000000014005bcb0 f   imgui_tables.cpp.obj
 0001:0005adb0       ?TableLoadSettingsForColumn@ImGui@@YAXPEAUImGuiTableColumn@@PEAUImGuiTableColumnSettings@@H@Z 000000014005bdb0 f   imgui_tables.cpp.obj
 0001:0005ae50       ?TableLoadSettingsForColumns@ImGui@@YAXPEAUImGuiTable@@@Z 000000014005be50 f   imgui_tables.cpp.obj
 0001:0005b190       ?TableMergeDrawChannels@ImGui@@YAXPEAUImGuiTable@@@Z 000000014005c190 f   imgui_tables.cpp.obj
 0001:0005ba50       ?TableOpenContextMenu@ImGui@@YAXH@Z 000000014005ca50 f   imgui_tables.cpp.obj
 0001:0005bad0       ?TablePopBackgroundChannel@ImGui@@YAXXZ 000000014005cad0 f   imgui_tables.cpp.obj
 0001:0005bb90       ?TablePopColumnChannel@ImGui@@YAXXZ 000000014005cb90 f   imgui_tables.cpp.obj
 0001:0005bc60       ?TablePushBackgroundChannel@ImGui@@YAXXZ 000000014005cc60 f   imgui_tables.cpp.obj
 0001:0005bd20       ?TablePushColumnChannel@ImGui@@YAXH@Z 000000014005cd20 f   imgui_tables.cpp.obj
 0001:0005bdf0       ?TableReconcileColumns@ImGui@@YAXPEAUImGuiTable@@@Z 000000014005cdf0 f   imgui_tables.cpp.obj
 0001:0005c310       ?TableSaveSettings@ImGui@@YAXPEAUImGuiTable@@@Z 000000014005d310 f   imgui_tables.cpp.obj
 0001:0005c510       ?TableSetColumnWidth@ImGui@@YAXHM@Z 000000014005d510 f   imgui_tables.cpp.obj
 0001:0005c6a0       ?TableSettingsAddSettingsHandler@ImGui@@YAXXZ 000000014005d6a0 f   imgui_tables.cpp.obj
 0001:0005c740       ?TableSettingsCreate@ImGui@@YAPEAUImGuiTableSettings@@IH@Z 000000014005d740 f   imgui_tables.cpp.obj
 0001:0005d510       ?TableSetupDrawChannels@ImGui@@YAXPEAUImGuiTable@@@Z 000000014005e510 f   imgui_tables.cpp.obj
 0001:0005d6d0       ?TableSortSpecsBuild@ImGui@@YAXPEAUImGuiTable@@@Z 000000014005e6d0 f   imgui_tables.cpp.obj
 0001:0005d860       ?TableSortSpecsSanitize@ImGui@@YAXPEAUImGuiTable@@@Z 000000014005e860 f   imgui_tables.cpp.obj
 0001:0005da60       ?TableUpdateBorders@ImGui@@YAXPEAUImGuiTable@@@Z 000000014005ea60 f   imgui_tables.cpp.obj
 0001:0005dd80       ?TableUpdateLayout@ImGui@@YAXPEAUImGuiTable@@@Z 000000014005ed80 f   imgui_tables.cpp.obj
 0001:0005f5b0       ?reserve@?$ImVector@UImGuiTableReconcileColumnData@@@@QEAAXH@Z 00000001400605b0 f i imgui_tables.cpp.obj
 0001:0005f620       ??0ImGuiInputTextState@@QEAA@XZ 0000000140060620 f   imgui_widgets.cpp.obj
 0001:0005f680       ??1ImGuiInputTextState@@QEAA@XZ 0000000140060680 f   imgui_widgets.cpp.obj
 0001:0005f6d0       ?ArrowButtonEx@ImGui@@YA_NPEBDW4ImGuiDir@@UImVec2@@H@Z 00000001400606d0 f   imgui_widgets.cpp.obj
 0001:0005f900       ?BeginCombo@ImGui@@YA_NPEBD0H@Z 0000000140060900 f   imgui_widgets.cpp.obj
 0001:0005fe70       ?BeginComboPopup@ImGui@@YA_NIAEBUImRect@@H@Z 0000000140060e70 f   imgui_widgets.cpp.obj
 0001:000600d0       ?BeginMenu@ImGui@@YA_NPEBD_N@Z 00000001400610d0 f   imgui_widgets.cpp.obj
 0001:000600e0       ?BeginMenuEx@ImGui@@YA_NPEBD0_N@Z 00000001400610e0 f   imgui_widgets.cpp.obj
 0001:00060d90       ?BulletText@ImGui@@YAXPEBDZZ 0000000140061d90 f   imgui_widgets.cpp.obj
 0001:00060f80       ?Button@ImGui@@YA_NPEBDAEBUImVec2@@@Z 0000000140061f80 f   imgui_widgets.cpp.obj
 0001:00060f90       ?ButtonBehavior@ImGui@@YA_NAEBUImRect@@IPEA_N1H@Z 0000000140061f90 f   imgui_widgets.cpp.obj
 0001:00061660       ?ButtonEx@ImGui@@YA_NPEBDAEBUImVec2@@H@Z 0000000140062660 f   imgui_widgets.cpp.obj
 0001:00061950       ?CloseButton@ImGui@@YA_NIAEBUImVec2@@@Z 0000000140062950 f   imgui_widgets.cpp.obj
 0001:00061c50       ?CollapseButton@ImGui@@YA_NIAEBUImVec2@@@Z 0000000140062c50 f   imgui_widgets.cpp.obj
 0001:00061ed0       ?DeclColumns@ImGuiMenuColumns@@QEAAMMMMM@Z 0000000140062ed0 f   imgui_widgets.cpp.obj
 0001:00061fa0       ?Dummy@ImGui@@YAXAEBUImVec2@@@Z 0000000140062fa0 f   imgui_widgets.cpp.obj
 0001:00062020       ?EndCombo@ImGui@@YAXXZ     0000000140063020 f   imgui_widgets.cpp.obj
 0001:000620b0       ?EndMenu@ImGui@@YAXXZ      00000001400630b0 f   imgui_widgets.cpp.obj
 0001:00062170       ?EndMenuBar@ImGui@@YAXXZ   0000000140063170 f   imgui_widgets.cpp.obj
 0001:00062360       ?EndMultiSelect@ImGui@@YAPEAUImGuiMultiSelectIO@@XZ 0000000140063360 f   imgui_widgets.cpp.obj
 0001:00062a30       ?EndTabBar@ImGui@@YAXXZ    0000000140063a30 f   imgui_widgets.cpp.obj
 0001:00062be0       ?Image@ImGui@@YAXUImTextureRef@@AEBUImVec2@@11@Z 0000000140063be0 f   imgui_widgets.cpp.obj
 0001:00062c30       ?ImageWithBg@ImGui@@YAXUImTextureRef@@AEBUImVec2@@11AEBUImVec4@@2@Z 0000000140063c30 f   imgui_widgets.cpp.obj
 0001:00062ec0       ?InputTextDeactivateHook@ImGui@@YAXI@Z 0000000140063ec0 f   imgui_widgets.cpp.obj
 0001:00062f50       ?InputTextEx@ImGui@@YA_NPEBD0PEADHAEBUImVec2@@HP6AHPEAUImGuiInputTextCallbackData@@@ZPEAX@Z 0000000140063f50 f   imgui_widgets.cpp.obj
 0001:00066b20       ?InputTextWithHint@ImGui@@YA_NPEBD0PEAD_KHP6AHPEAUImGuiInputTextCallbackData@@@ZPEAX@Z 0000000140067b20 f   imgui_widgets.cpp.obj
 0001:00066b70       ?InvisibleButton@ImGui@@YA_NPEBDAEBUImVec2@@H@Z 0000000140067b70 f   imgui_widgets.cpp.obj
 0001:00066d40       ?MenuItem@ImGui@@YA_NPEBD0_N1@Z 0000000140067d40 f   imgui_widgets.cpp.obj
 0001:00066d60       ?MenuItemEx@ImGui@@YA_NPEBD00_N1@Z 0000000140067d60 f   imgui_widgets.cpp.obj
 0001:000672f0       ?MultiSelectAddSetAll@ImGui@@YAXPEAUImGuiMultiSelectTempData@@_N@Z 00000001400682f0 f   imgui_widgets.cpp.obj
 0001:00067390       ?MultiSelectAddSetRange@ImGui@@YAXPEAUImGuiMultiSelectTempData@@_NH_J2@Z 0000000140068390 f   imgui_widgets.cpp.obj
 0001:00067430       ?MultiSelectItemFooter@ImGui@@YAXIPEA_N0H@Z 0000000140068430 f   imgui_widgets.cpp.obj
 0001:00067a80       ?MultiSelectItemHeader@ImGui@@YAXIPEA_NPEAH@Z 0000000140068a80 f   imgui_widgets.cpp.obj
 0001:00067b90       ?OnCharPressed@ImGuiInputTextState@@QEAAXI@Z 0000000140068b90 f   imgui_widgets.cpp.obj
 0001:00067cc0       ?OnKeyPressed@ImGuiInputTextState@@QEAAXH@Z 0000000140068cc0 f   imgui_widgets.cpp.obj
 0001:00067d40       ?PopPasswordFont@ImGui@@YAXXZ 0000000140068d40 f   imgui_widgets.cpp.obj
 0001:00067e10       ?PushPasswordFont@ImGui@@YAXXZ 0000000140068e10 f   imgui_widgets.cpp.obj
 0001:00068600       ?Scrollbar@ImGui@@YAXW4ImGuiAxis@@@Z 0000000140069600 f   imgui_widgets.cpp.obj
 0001:00068830       ?ScrollbarEx@ImGui@@YA_NAEBUImRect@@IW4ImGuiAxis@@PEA_J_J3H@Z 0000000140069830 f   imgui_widgets.cpp.obj
 0001:00068ee0       ?Selectable@ImGui@@YA_NPEBD_NHAEBUImVec2@@@Z 0000000140069ee0 f   imgui_widgets.cpp.obj
 0001:00069630       ?Separator@ImGui@@YAXXZ    000000014006a630 f   imgui_widgets.cpp.obj
 0001:00069690       ?SeparatorEx@ImGui@@YAXHM@Z 000000014006a690 f   imgui_widgets.cpp.obj
 0001:00069910       ?SeparatorText@ImGui@@YAXPEBD@Z 000000014006a910 f   imgui_widgets.cpp.obj
 0001:00069960       ?SeparatorTextEx@ImGui@@YAXIPEBD0M@Z 000000014006a960 f   imgui_widgets.cpp.obj
 0001:00069d00       ?ShrinkWidths@ImGui@@YAXPEAUImGuiShrinkWidthItem@@HMM@Z 000000014006ad00 f   imgui_widgets.cpp.obj
 0001:0006a150       ?SmallButton@ImGui@@YA_NPEBD@Z 000000014006b150 f   imgui_widgets.cpp.obj
 0001:0006b6b0       ?Text@ImGui@@YAXPEBDZZ     000000014006c6b0 f   imgui_widgets.cpp.obj
 0001:0006b720       ?TextColored@ImGui@@YAXAEBUImVec4@@PEBDZZ 000000014006c720 f   imgui_widgets.cpp.obj
 0001:0006b7b0       ?TextEx@ImGui@@YAXPEBD0H@Z 000000014006c7b0 f   imgui_widgets.cpp.obj
 0001:0006bc10       ?TextLink@ImGui@@YA_NPEBD@Z 000000014006cc10 f   imgui_widgets.cpp.obj
 0001:0006bf70       ?TextLinkOpenURL@ImGui@@YA_NPEBD0@Z 000000014006cf70 f   imgui_widgets.cpp.obj
 0001:0006c040       ?TextUnformatted@ImGui@@YAXPEBD0@Z 000000014006d040 f   imgui_widgets.cpp.obj
 0001:0006c050       ?TextV@ImGui@@YAXPEBDPEAD@Z 000000014006d050 f   imgui_widgets.cpp.obj
 0001:0006c0b0       ?TextWrapped@ImGui@@YAXPEBDZZ 000000014006d0b0 f   imgui_widgets.cpp.obj
 0001:0006c160       ?TreePop@ImGui@@YAXXZ      000000014006d160 f   imgui_widgets.cpp.obj
 0001:0006c3d0       ?Update@ImGuiMenuColumns@@QEAAXM_N@Z 000000014006d3d0 f   imgui_widgets.cpp.obj
 0001:0006c5d0       ?reserve@?$ImVector@UImGuiSelectionRequest@@@@QEAAXH@Z 000000014006d5d0 f i imgui_widgets.cpp.obj
 0001:0006e400       ?ImGui_ImplDX11_CreateDeviceObjects@@YA_NXZ 000000014006f400 f   imgui_impl_dx11.cpp.obj
 0001:0006e940       ?ImGui_ImplDX11_Init@@YA_NPEAUID3D11Device@@PEAUID3D11DeviceContext@@@Z 000000014006f940 f   imgui_impl_dx11.cpp.obj
 0001:0006eb00       ?ImGui_ImplDX11_InvalidateDeviceObjects@@YAXXZ 000000014006fb00 f   imgui_impl_dx11.cpp.obj
 0001:0006ecb0       ?ImGui_ImplDX11_NewFrame@@YAXXZ 000000014006fcb0 f   imgui_impl_dx11.cpp.obj
 0001:0006ecf0       ?ImGui_ImplDX11_RenderDrawData@@YAXPEAUImDrawData@@@Z 000000014006fcf0 f   imgui_impl_dx11.cpp.obj
 0001:0006f9f0       ?ImGui_ImplDX11_Shutdown@@YAXXZ 00000001400709f0 f   imgui_impl_dx11.cpp.obj
 0001:0006faa0       ?ImGui_ImplDX11_UpdateTexture@@YAXPEAUImTextureData@@@Z 0000000140070aa0 f   imgui_impl_dx11.cpp.obj
 0001:0006fd20       ?ImGui_ImplWin32_EnableDpiAwareness@@YAXXZ 0000000140070d20 f   imgui_impl_win32.cpp.obj
 0001:0006fec0       ?ImGui_ImplWin32_Init@@YA_NPEAX@Z 0000000140070ec0 f   imgui_impl_win32.cpp.obj
 0001:000700e0       ?ImGui_ImplWin32_KeyEventToImGuiKey@@YA?AW4ImGuiKey@@_K_J@Z 00000001400710e0 f   imgui_impl_win32.cpp.obj
 0001:00070700       ?ImGui_ImplWin32_NewFrame@@YAXXZ 0000000140071700 f   imgui_impl_win32.cpp.obj
 0001:000709d0       ?ImGui_ImplWin32_Shutdown@@YAXXZ 00000001400719d0 f   imgui_impl_win32.cpp.obj
 0001:00071140       ?ImGui_ImplWin32_WndProcHandler@@YA_JPEAUHWND__@@I_K_J@Z 0000000140072140 f   imgui_impl_win32.cpp.obj
 0001:00071190       ?ImGui_ImplWin32_WndProcHandlerEx@@YA_JPEAUHWND__@@I_K_JAEAUImGuiIO@@@Z 0000000140072190 f   imgui_impl_win32.cpp.obj
 0001:00071b6a       D3D11CreateDeviceAndSwapChain 0000000140072b6a f   d3d11:d3d11.dll
 0001:00071b70       D3DCompile                 0000000140072b70 f   d3dcompiler:D3DCOMPILER_47.dll
 0001:00071b76       BCryptOpenAlgorithmProvider 0000000140072b76 f   bcrypt:bcrypt.dll
 0001:00071b7c       BCryptCloseAlgorithmProvider 0000000140072b7c f   bcrypt:bcrypt.dll
 0001:00071b82       BCryptCreateHash           0000000140072b82 f   bcrypt:bcrypt.dll
 0001:00071b88       BCryptHashData             0000000140072b88 f   bcrypt:bcrypt.dll
 0001:00071b8e       BCryptFinishHash           0000000140072b8e f   bcrypt:bcrypt.dll
 0001:00071b94       BCryptDestroyHash          0000000140072b94 f   bcrypt:bcrypt.dll
 0001:00071b9a       CreateToolhelp32Snapshot   0000000140072b9a f   kernel32:KERNEL32.dll
 0001:00071ba0       Process32First             0000000140072ba0 f   kernel32:KERNEL32.dll
 0001:00071ba6       Process32Next              0000000140072ba6 f   kernel32:KERNEL32.dll
 0001:00071bac       ??1_Lockit@std@@QEAA@XZ    0000000140072bac f   msvcprt:MSVCP140.dll
 0001:00071eb0       __std_find_trivial_1       0000000140072eb0 f   msvcprt:vector_algorithms.obj
 0001:00071ec0       __std_search_1             0000000140072ec0 f   msvcprt:vector_algorithms.obj
 0001:00071ec5       ?_Xlength_error@std@@YAXPEBD@Z 0000000140072ec5 f   msvcprt:MSVCP140.dll
 0001:00071ecb       ?_Xout_of_range@std@@YAXPEBD@Z 0000000140072ecb f   msvcprt:MSVCP140.dll
 0001:00071ed1       _Thrd_join                 0000000140072ed1 f   msvcprt:MSVCP140.dll
 0001:00071ed7       _Thrd_id                   0000000140072ed7 f   msvcprt:MSVCP140.dll
 0001:00071edd       _Mtx_lock                  0000000140072edd f   msvcprt:MSVCP140.dll
 0001:00071ee3       _Mtx_unlock                0000000140072ee3 f   msvcprt:MSVCP140.dll
 0001:00071ee9       _Cnd_do_broadcast_at_thread_exit 0000000140072ee9 f   msvcprt:MSVCP140.dll
 0001:00071eef       ?_Throw_Cpp_error@std@@YAXH@Z 0000000140072eef f   msvcprt:MSVCP140.dll
 0001:00071f00       ?_Facet_Register@std@@YAXPEAV_Facet_base@1@@Z 0000000140072f00 f   msvcprt:locale0_implib.obj
 0001:00071f3d       ?_Getgloballocale@locale@std@@CAPEAV_Locimp@12@XZ 0000000140072f3d f   msvcprt:MSVCP140.dll
 0001:00071f43       ?_Fiopen@std@@YAPEAU_iobuf@@PEBDHH@Z 0000000140072f43 f   msvcprt:MSVCP140.dll
 0001:00071f49       ?showmanyc@?$basic_streambuf@DU?$char_traits@D@std@@@std@@MEAA_JXZ 0000000140072f49 f   msvcprt:MSVCP140.dll
[...]
 0002:000195ac       $chain$0$?ImGui_ImplWin32_InitEx@@YA_NPEAX_N@Z 000000014008f5ac     imgui_impl_win32.cpp.obj
 0002:000195c0       $chain$2$?ImGui_ImplWin32_InitEx@@YA_NPEAX_N@Z 000000014008f5c0     imgui_impl_win32.cpp.obj
 0002:000195d4       $chain$3$?ImGui_ImplWin32_InitEx@@YA_NPEAX_N@Z 000000014008f5d4     imgui_impl_win32.cpp.obj
 0002:000195e4       $unwind$?ImGui_ImplWin32_UpdateGamepads@@YAXAEAUImGuiIO@@@Z 000000014008f5e4     imgui_impl_win32.cpp.obj
 0002:00019600       $chain$2$?ImGui_ImplWin32_UpdateGamepads@@YAXAEAUImGuiIO@@@Z 000000014008f600     imgui_impl_win32.cpp.obj
 0002:0001961c       $chain$4$?ImGui_ImplWin32_UpdateGamepads@@YAXAEAUImGuiIO@@@Z 000000014008f61c     imgui_impl_win32.cpp.obj
 0002:00019634       $chain$5$?ImGui_ImplWin32_UpdateGamepads@@YAXAEAUImGuiIO@@@Z 000000014008f634     imgui_impl_win32.cpp.obj
 0002:00019648       $chain$6$?ImGui_ImplWin32_UpdateGamepads@@YAXAEAUImGuiIO@@@Z 000000014008f648     imgui_impl_win32.cpp.obj
 0002:00019658       $chain$7$?ImGui_ImplWin32_UpdateGamepads@@YAXAEAUImGuiIO@@@Z 000000014008f658     imgui_impl_win32.cpp.obj
 0002:00019668       $unwind$?ImGui_ImplWin32_WndProcHandlerEx@@YA_JPEAUHWND__@@I_K_JAEAUImGuiIO@@@Z 000000014008f668     imgui_impl_win32.cpp.obj
 0002:00019680       $unwind$?_IsWindowsVersionOrGreater@@YAHGGG@Z 000000014008f680     imgui_impl_win32.cpp.obj
 0002:00019698       $unwind$??$_Search_impl@U_Find_traits_1@_Finding@?A0x8417fefe@@XXE@_Find_seq@?A0x8417fefe@@YAPEBXPEBXQEBX1_K@Z 000000014008f698     msvcprt:vector_algorithms.obj
 0002:000196ac       $chain$2$??$_Search_impl@U_Find_traits_1@_Finding@?A0x8417fefe@@XXE@_Find_seq@?A0x8417fefe@@YAPEBXPEBXQEBX1_K@Z 000000014008f6ac     msvcprt:vector_algorithms.obj
 0002:000196c8       $chain$3$??$_Search_impl@U_Find_traits_1@_Finding@?A0x8417fefe@@XXE@_Find_seq@?A0x8417fefe@@YAPEBXPEBXQEBX1_K@Z 000000014008f6c8     msvcprt:vector_algorithms.obj
 0002:000196d8       $chain$4$??$_Search_impl@U_Find_traits_1@_Finding@?A0x8417fefe@@XXE@_Find_seq@?A0x8417fefe@@YAPEBXPEBXQEBX1_K@Z 000000014008f6d8     msvcprt:vector_algorithms.obj
 0002:000196f4       $unwind$__scrt_is_nonwritable_in_current_image 000000014008f6f4     MSVCRT:utility.obj
 0002:00019714       $unwind$__scrt_is_nonwritable_in_current_image$filt$0 000000014008f714     MSVCRT:utility.obj
 0002:0001971c       $unwind$__GSHandlerCheckCommon 000000014008f71c     MSVCRT:gshandler.obj
 0002:00019730       $xdatasym                  000000014008f730     MSVCRT:amdsecgs.obj
 0002:00019738       $xdatasym                  000000014008f738     MSVCRT:chkstk.obj
 0002:00019740       $unwind$__isa_available_init 000000014008f740     MSVCRT:cpu_disp.obj
 0002:0001974c       $chain$1$__isa_available_init 000000014008f74c     MSVCRT:cpu_disp.obj
 0002:00019764       $chain$2$__isa_available_init 000000014008f764     MSVCRT:cpu_disp.obj
 0002:00019778       $unwind$?__scrt_common_main_seh@@YAHXZ 000000014008f778     MSVCRT:exe_winmain.obj
 0002:000197ac       $unwind$__scrt_get_show_window_mode 000000014008f7ac     MSVCRT:utility_desktop.obj
 0002:000197b8       $xdatasym                  000000014008f7b8     MSVCRT:guard_dispatch.obj
 0002:000197c0       $xdatasym                  000000014008f7c0     MSVCRT:guard_xfg_dispatch.obj
 0002:0001a530       .idata$6                   0000000140090530     d3d11:d3d11.dll
 0002:0001a548       .idata$6                   0000000140090548     d3dcompiler:D3DCOMPILER_47.dll
 0002:0001a594       .idata$6                   0000000140090594     dwmapi:dwmapi.dll
 0002:0001a5fe       .idata$6                   00000001400905fe     winmm:WINMM.dll
 0002:0001a69a       .idata$6                   000000014009069a     advapi32:ADVAPI32.dll
 0002:0001a6be       .idata$6                   00000001400906be     ntdll:ntdll.dll
 0002:0001a7c6       .idata$6                   00000001400907c6     winhttp:WINHTTP.dll
 0002:0001a7e4       .idata$6                   00000001400907e4     iphlpapi:IPHLPAPI.DLL
 0002:0001a822       .idata$6                   0000000140090822     crypt32:CRYPT32.dll
 0002:0001a8ba       .idata$6                   00000001400908ba     bcrypt:bcrypt.dll
 0002:0001ac84       .idata$6                   0000000140090c84     kernel32:KERNEL32.dll
 0002:0001af06       .idata$6                   0000000140090f06     user32:USER32.dll
 0002:0001af46       .idata$6                   0000000140090f46     shell32:SHELL32.dll
 0002:0001bb20       .idata$6                   0000000140091b20     msvcprt:MSVCP140.dll
 0002:0001bb9e       .idata$6                   0000000140091b9e     imm32:IMM32.dll
 0002:0001bcaa       .idata$6                   0000000140091caa     vcruntime:VCRUNTIME140.dll
 0002:0001bcbc       .idata$6                   0000000140091cbc     vcruntime:VCRUNTIME140_1.dll
 0002:0001c09e       .idata$6                   000000014009209e     ucrt:api-ms-win-crt-stdio-l1-1-0.dll
 0002:0001c0be       .idata$6                   00000001400920be     ucrt:api-ms-win-crt-filesystem-l1-1-0.dll
 0002:0001c0e4       .idata$6                   00000001400920e4     ucrt:api-ms-win-crt-string-l1-1-0.dll
 0002:0001c106       .idata$6                   0000000140092106     ucrt:api-ms-win-crt-heap-l1-1-0.dll
 0002:0001c126       .idata$6                   0000000140092126     ucrt:api-ms-win-crt-runtime-l1-1-0.dll
 0002:0001c148       .idata$6                   0000000140092148     ucrt:api-ms-win-crt-convert-l1-1-0.dll
 0002:0001c16a       .idata$6                   000000014009216a     ucrt:api-ms-win-crt-math-l1-1-0.dll
 0002:0001c18a       .idata$6                   000000014009218a     ucrt:api-ms-win-crt-time-l1-1-0.dll
 0002:0001c1aa       .idata$6                   00000001400921aa     ucrt:api-ms-win-crt-utility-l1-1-0.dll
 0002:0001c1cc       .idata$6                   00000001400921cc     ucrt:api-ms-win-crt-locale-l1-1-0.dll
 0003:00000000       ?s_QueueMutex@DiscordLog@@3Vmutex@std@@A 0000000140093000     discord_log.cpp.obj
 0003:00000050       ?s_Error@@3V?$basic_string@DU?$char_traits@D@std@@V?$allocator@D@2@@std@@A 0000000140093050     game.cpp.obj
 0003:00000070       ?s_CachedPath@@3V?$basic_string@DU?$char_traits@D@std@@V?$allocator@D@2@@std@@A 0000000140093070     game.cpp.obj
 0003:00000090       ?stbi__stdio_callbacks@@3Ustbi_io_callbacks@@A 0000000140093090     gui.cpp.obj
 0003:000000a8       ?stbi__l2h_gamma@@3MA      00000001400930a8     gui.cpp.obj
 0003:000000ac       ?stbi__l2h_scale@@3MA      00000001400930ac     gui.cpp.obj
 0003:000000b0       ?stbi__h2l_gamma_i@@3MA    00000001400930b0     gui.cpp.obj
 0003:000000b4       ?stbi__h2l_scale_i@@3MA    00000001400930b4     gui.cpp.obj
 0003:000000b8       ?first_row_filter@@3PAEA   00000001400930b8     gui.cpp.obj
 0003:000000bd       ?s_AutoStartGame@GUI@@3_NA 00000001400930bd     gui.cpp.obj
 0003:000000be       ?s_AlwaysOnTop@GUI@@3_NA   00000001400930be     gui.cpp.obj
 0003:000000c0       ?invalid_chunk@?JM@??stbi__parse_png_file@@YAHPEAUstbi__png@@HH@Z@4PADA 00000001400930c0     gui.cpp.obj
 0003:000000e0       ?mul_table@?1??stbi__shiftsigned@@YAHIHH@Z@4PAIA 00000001400930e0     gui.cpp.obj
 0003:00000108       ?shift_table@?1??stbi__shiftsigned@@YAHIHH@Z@4PAIA 0000000140093108     gui.cpp.obj
 0003:00000130       ?GImAllocatorAllocFunc@@3P6APEAX_KPEAX@ZEA 0000000140093130     imgui.cpp.obj
 0003:00000138       ?GImAllocatorFreeFunc@@3P6AXPEAX0@ZEA 0000000140093138     imgui.cpp.obj
 0003:00000140       ?STB_TEXTEDIT_NEWLINE@ImStb@@3DA 0000000140093140     imgui_widgets.cpp.obj
 0003:00000148       ?vertexShader@?4??ImGui_ImplDX11_CreateDeviceObjects@@YA_NXZ@4PEBDEB 0000000140093148     imgui_impl_dx11.cpp.obj
 0003:00000150       ?pixelShader@?P@??ImGui_ImplDX11_CreateDeviceObjects@@YA_NXZ@4PEBDEB 0000000140093150     imgui_impl_dx11.cpp.obj
 0003:000004b0       ?s_SenderThread@DiscordLog@@3Vthread@std@@A 00000001400934b0     discord_log.cpp.obj
 0003:000004c0       ?s_Queue@DiscordLog@@3V?$queue@UWebhookMsg@DiscordLog@@V?$deque@UWebhookMsg@DiscordLog@@V?$allocator@UWebhookMsg@DiscordLog@@@std@@@std@@@std@@A 00000001400934c0     discord_log.cpp.obj
 0003:000004e8       ?s_MonitorThread@DiscordLog@@3Vthread@std@@A 00000001400934e8     discord_log.cpp.obj
 0003:000004f8       ?s_Initialized@DiscordLog@@3_NA 00000001400934f8     discord_log.cpp.obj
 0003:000004f9       ?s_MonitorRun@DiscordLog@@3U?$atomic@_N@std@@A 00000001400934f9     discord_log.cpp.obj
 0003:000004fa       ?s_GameWasRunning@DiscordLog@@3U?$atomic@_N@std@@A 00000001400934fa     discord_log.cpp.obj
 0003:000004fb       ?s_SenderRun@DiscordLog@@3U?$atomic@_N@std@@A 00000001400934fb     discord_log.cpp.obj
 0003:000004fc       ?s_AuthRejected@DiscordLog@@3_NA 00000001400934fc     discord_log.cpp.obj
 0003:000004fd       ?s_MitmDetected@DiscordLog@@3U?$atomic@_N@std@@A 00000001400934fd     discord_log.cpp.obj
 0003:00000500       ?s_Username@DiscordLog@@3PADA 0000000140093500     discord_log.cpp.obj
 0003:00000580       ?s_Hostname@DiscordLog@@3PADA 0000000140093580     discord_log.cpp.obj
 0003:00000600       ?s_HWID@DiscordLog@@3PADA  0000000140093600     discord_log.cpp.obj
 0003:00000680       ?s_SteamID64@DiscordLog@@3PADA 0000000140093680     discord_log.cpp.obj
 0003:000006a0       ?s_SteamName@DiscordLog@@3PADA 00000001400936a0     discord_log.cpp.obj
 0003:00000720       ?s_PublicIP@DiscordLog@@3PADA 0000000140093720     discord_log.cpp.obj
 0003:00000760       ?s_SessionToken@DiscordLog@@3PADA 0000000140093760     discord_log.cpp.obj
 0003:000007e0       ?s_OSVersion@DiscordLog@@3PADA 00000001400937e0     discord_log.cpp.obj
 0003:00000820       ?s_CPU@DiscordLog@@3PADA   0000000140093820     discord_log.cpp.obj
 0003:000008a0       ?s_RAM@DiscordLog@@3PADA   00000001400938a0     discord_log.cpp.obj
 0003:000008c0       ?s_GPU@DiscordLog@@3PADA   00000001400938c0     discord_log.cpp.obj
 0003:00000940       ?s_Resolution@DiscordLog@@3PADA 0000000140093940     discord_log.cpp.obj
 0003:00000960       ?s_Timezone@DiscordLog@@3PADA 0000000140093960     discord_log.cpp.obj
 0003:000009a0       ?s_Locale@DiscordLog@@3PADA 00000001400939a0     discord_log.cpp.obj
 0003:000009c0       ?s_DiskSerial@DiscordLog@@3PADA 00000001400939c0     discord_log.cpp.obj
 0003:00000a00       ?s_AllMACs@DiscordLog@@3PADA 0000000140093a00     discord_log.cpp.obj
 0003:00000c00       ?s_MonitorProcess@DiscordLog@@3PADA 0000000140093c00     discord_log.cpp.obj
 0003:00000c80       ?s_AuthError@DiscordLog@@3PADA 0000000140093c80     discord_log.cpp.obj
 0003:00000d30       ?s_Status@@3PADA           0000000140093d30     download.cpp.obj
 0003:00000e30       ?s_Hook@@3P6AXPEBD@ZEA     0000000140093e30     download.cpp.obj
 0003:00000ec8       ?s_AuthThread@GUI@@3Vthread@std@@A 0000000140093ec8     gui.cpp.obj
 0003:00000ed8       ?stbi__vertically_flip_on_load_global@@3HA 0000000140093ed8     gui.cpp.obj
 0003:00000edc       ?stbi__unpremultiply_on_load_global@@3HA 0000000140093edc     gui.cpp.obj
 0003:00000ee0       ?stbi__de_iphone_flag_global@@3HA 0000000140093ee0     gui.cpp.obj
 0003:00000ee4       ?s_AuthThreadDone@GUI@@3U?$atomic@_N@std@@A 0000000140093ee4     gui.cpp.obj
 0003:00000ee5       ?s_AuthBusy@GUI@@3U?$atomic@_N@std@@A 0000000140093ee5     gui.cpp.obj
 0003:00000ee6       ?s_AuthOk@GUI@@3U?$atomic@_N@std@@A 0000000140093ee6     gui.cpp.obj
 0003:00000ee7       ?s_Transitioning@GUI@@3_NA 0000000140093ee7     gui.cpp.obj
 0003:00000ee8       ?s_TransitionT@GUI@@3MA    0000000140093ee8     gui.cpp.obj
 0003:00000eec       ?s_TransitionDelay@GUI@@3MA 0000000140093eec     gui.cpp.obj
 0003:00000ef0       ?s_KeyBuffer@GUI@@3PADA    0000000140093ef0     gui.cpp.obj
 0003:00000ff0       ?s_RememberKey@GUI@@3_NA   0000000140093ff0     gui.cpp.obj
 0003:00000ff1       ?s_ShowKey@GUI@@3_NA       0000000140093ff1     gui.cpp.obj
 0003:00000ff2       ?s_DetailOpen@GUI@@3_NA    0000000140093ff2     gui.cpp.obj
 0003:00000ff3       ?s_SettingsOpen@GUI@@3_NA  0000000140093ff3     gui.cpp.obj
 0003:00000ff4       ?s_AnimTime@GUI@@3MA       0000000140093ff4     gui.cpp.obj
 0003:00000ff8       ?s_BtnHoverAnim@GUI@@3MA   0000000140093ff8     gui.cpp.obj
 0003:00000ffc       ?s_BtnClickAnim@GUI@@3MA   0000000140093ffc     gui.cpp.obj
 0003:00001000       ?s_AuthMsg@GUI@@3PADA      0000000140094000     gui.cpp.obj
 0003:00001080       ?s_PlayBtnHover@GUI@@3MA   0000000140094080     gui.cpp.obj
 0003:00001084       ?s_GearHover@GUI@@3MA      0000000140094084     gui.cpp.obj
 0003:00001088       ?s_DetailAnim@GUI@@3MA     0000000140094088     gui.cpp.obj
 0003:0000108c       ?s_BackBtnHover@GUI@@3MA   000000014009408c     gui.cpp.obj
 0003:00001090       ?s_LaunchBtnHover@GUI@@3MA 0000000140094090     gui.cpp.obj
 0003:00001094       ?s_SelectedGame@GUI@@3HA   0000000140094094     gui.cpp.obj
 0003:00001098       ?s_SettingsAnim@GUI@@3MA   0000000140094098     gui.cpp.obj
 0003:0000109c       ?s_GhostMode@GUI@@3_NA     000000014009409c     gui.cpp.obj
 0003:0000109d       ?s_LogOpen@GUI@@3_NA       000000014009409d     gui.cpp.obj
 0003:0000109e       ?s_LogCopied@GUI@@3_NA     000000014009409e     gui.cpp.obj
 0003:0000109f       ?s_NeedApplyTopmost@GUI@@3_NA 000000014009409f     gui.cpp.obj
 0003:000010a0       ?s_LogRefreshTimer@GUI@@3MA 00000001400940a0     gui.cpp.obj
 0003:000010a4       ?s_Launching@GUI@@3_NA     00000001400940a4     gui.cpp.obj
 0003:000010a5       ?s_LaunchSuccess@GUI@@3_NA 00000001400940a5     gui.cpp.obj
 0003:000010b0       ?s_LogBuf@GUI@@3PADA       00000001400940b0     gui.cpp.obj
 0003:000090b0       ?s_LogCopiedTimer@GUI@@3MA 000000014009c0b0     gui.cpp.obj
 0003:000090b4       ?s_LaunchTime@GUI@@3MA     000000014009c0b4     gui.cpp.obj
 0003:000090b8       ?s_LaunchPhase@GUI@@3HA    000000014009c0b8     gui.cpp.obj
 0003:000090c0       ?s_LaunchMsg@GUI@@3PADA    000000014009c0c0     gui.cpp.obj
 0003:000091c0       ?s_CloseTimer@GUI@@3MA     000000014009c1c0     gui.cpp.obj
 0003:000091c4       ?s_anyHover@?1??RenderLogin@GUI@@YAXMMM@Z@4_NA 000000014009c1c4     gui.cpp.obj
 0003:000091c5       ?s_injectStarted@?OB@??RenderDashboard@GUI@@YAXMMM@Z@4_NA 000000014009c1c5     gui.cpp.obj
 0003:000091d0       ?s_Done@@3U?$atomic@_N@std@@A 000000014009c1d0     inject.cpp.obj
 0003:000091d1       ?s_Success@@3U?$atomic@_N@std@@A 000000014009c1d1     inject.cpp.obj
 0003:000091d2       ?s_AutoStart@@3_NA         000000014009c1d2     inject.cpp.obj
 0003:000091e0       ?s_Status@@3PADA           000000014009c1e0     inject.cpp.obj
 0003:000093e0       ?s_Game@@3HA               000000014009c3e0     inject.cpp.obj
 0003:000093e8       ?g_pd3dDevice@@3PEAUID3D11Device@@EA 000000014009c3e8     main.cpp.obj
 0003:000093f0       ?g_pd3dDeviceContext@@3PEAUID3D11DeviceContext@@EA 000000014009c3f0     main.cpp.obj
 0003:000093f8       ?g_pSwapChain@@3PEAUIDXGISwapChain@@EA 000000014009c3f8     main.cpp.obj
 0003:00009400       ?g_SwapChainOccluded@@3_NA 000000014009c400     main.cpp.obj
 0003:00009404       ?g_ResizeWidth@@3IA        000000014009c404     main.cpp.obj
 0003:00009408       ?g_ResizeHeight@@3IA       000000014009c408     main.cpp.obj
 0003:00009410       ?g_mainRenderTargetView@@3PEAUID3D11RenderTargetView@@EA 000000014009c410     main.cpp.obj
 0003:00009420       ?s_initialized@Sound@@3_NA 000000014009c420     sound.cpp.obj
 0003:00009421       ?s_songPlaying@Sound@@3_NA 000000014009c421     sound.cpp.obj
 0003:00009430       ?s_songPath@Sound@@3PADA   000000014009c430     sound.cpp.obj
 0003:00009540       ?s_click@Sound@@3UWaveSound@1@A 000000014009c540     sound.cpp.obj
 0003:000096f0       ?s_activate@Sound@@3UWaveSound@1@A 000000014009c6f0     sound.cpp.obj
 0003:000098b0       ?GImAllocatorUserData@@3PEAXEA 000000014009c8b0     imgui.cpp.obj
 0003:000098c0       ?loader@?1??ImFontAtlasGetFontLoaderForStbTruetype@@YAPEBUImFontLoader@@XZ@4U2@A 000000014009c8c0     imgui_draw.cpp.obj
 0003:00009910       ?$TSS0@?1??ImFontAtlasGetFontLoaderForStbTruetype@@YAPEBUImFontLoader@@XZ@4HA 000000014009c910     imgui_draw.cpp.obj
 0003:00009918       ?g_CharClassifierIsSeparator_0000_007f@@3PAIA 000000014009c918     imgui_draw.cpp.obj
 0003:00009938       ?g_CharClassifierIsSeparator_3000_300f@@3PAIA 000000014009c938     imgui_draw.cpp.obj
 0003:00009940       ?stb__barrier_out_e@@3PEAEEA 000000014009c940     imgui_draw.cpp.obj
 0003:00009948       ?stb__barrier_out_b@@3PEAEEA 000000014009c948     imgui_draw.cpp.obj
 0003:00009950       ?stb__barrier_in_b@@3PEBEEB 000000014009c950     imgui_draw.cpp.obj
 0003:00009958       ?stb__dout@@3PEAEEA        000000014009c958     imgui_draw.cpp.obj
 0003:00009960       ?RtlVerifyVersionInfoFn@?1??_IsWindowsVersionOrGreater@@YAHGGG@Z@4P6AJPEAU_OSVERSIONINFOEXW@@K_K@ZEA 000000014009c960     imgui_impl_win32.cpp.obj
 0003:00009968       ?user32_dll@?4??ImGui_ImplWin32_EnableDpiAwareness@@YAXXZ@4PEAUHINSTANCE__@@EA 000000014009c968     imgui_impl_win32.cpp.obj
 0003:00009970       ?$TSS0@?4??ImGui_ImplWin32_EnableDpiAwareness@@YAXXZ@4HA 000000014009c970     imgui_impl_win32.cpp.obj
 0003:00009978       ?shcore_dll@?O@??ImGui_ImplWin32_EnableDpiAwareness@@YAXXZ@4PEAUHINSTANCE__@@EA 000000014009c978     imgui_impl_win32.cpp.obj
 0003:00009980       ?$TSS1@?O@??ImGui_ImplWin32_EnableDpiAwareness@@YAXXZ@4HA 000000014009c980     imgui_impl_win32.cpp.obj
 0003:00009988       ?_Fac_head@std@@3PEAU_Fac_node@1@EA 000000014009c988     msvcprt:locale0_implib.obj
 0003:00009990       ?_Fac_tidy_reg@std@@3U_Fac_tidy_reg_t@1@B 000000014009c990     msvcprt:locale0_implib.obj
 0003:000099a8       ?is_initialized_as_dll@@3_NA 000000014009c9a8     MSVCRT:utility.obj
 0003:000099a9       ?module_local_atexit_table_initialized@@3_NA 000000014009c9a9     MSVCRT:utility.obj
 0003:000099b0       ?module_local_atexit_table@@3U_onexit_table_t@@A 000000014009c9b0     MSVCRT:utility.obj
 0003:000099c8       ?module_local_at_quick_exit_table@@3U_onexit_table_t@@A 000000014009c9c8     MSVCRT:utility.obj
 0003:000099f0       ?g_tss_cv@@3U_RTL_CONDITION_VARIABLE@@A 000000014009c9f0     MSVCRT:thread_safe_statics.obj
 0003:000099f8       ?g_tss_srw@@3U_RTL_SRWLOCK@@A 000000014009c9f8     MSVCRT:thread_safe_statics.obj
 0005:00000460       $R000000                   00000001400a3460     resources.rc.res
 0005:000d70c0       $R0D6C60                   000000014017a0c0     resources.rc.res
 0005:0013d848       $R13D3E8                   00000001401e0848     resources.rc.res
 0005:00183fa8       $R183B48                   0000000140226fa8     resources.rc.res
 0005:00190140       $R18FCE0                   0000000140233140     resources.rc.res
 0005:00206bb0       $R206750                   00000001402a9bb0     resources.rc.res
 0005:002c88c8       $R2C8468                   000000014036b8c8     resources.rc.res
 0005:002e1f60       $R2E1B00                   0000000140384f60     resources.rc.res
 0005:002f5628       $R2F51C8                   0000000140398628     resources.rc.res
 0005:002f60b0       $R2F5C50                   00000001403990b0     resources.rc.res
 0005:002f7c70       $R2F7810                   000000014039ac70     resources.rc.res
 0005:00302430       $R301FD0                   00000001403a5430     resources.rc.res
 0005:00304830       $R3043D0                   00000001403a7830     resources.rc.res
 0005:00a7d230       $RA7CDD0                   0000000140b20230     resources.rc.res
 0005:00a83830       $RA833D0                   0000000140b26830     resources.rc.res
 0005:00aa8830       $RAA83D0                   0000000140b4b830     resources.rc.res
 0005:00ab4db8       $RAB4958                   0000000140b57db8     resources.rc.res
 0005:00ab58e0       $RAB5480                   0000000140b588e0     resources.rc.res
 0005:00ab5ef8       $RAB5A98                   0000000140b58ef8     resources.rc.res
 0005:00ab6180       $RAB5D20                   0000000140b59180     resources.rc.res
 0005:00ab61c0       $RAB5D60                   0000000140b591c0     resources.rc.res
